Component: ARM Compiler 5.06 update 5 (build 528) Tool: armlink [4d35e2]

==============================================================================

Section Cross References

    startup_stm32f10x_md.o(RESET) refers to startup_stm32f10x_md.o(STACK) for __initial_sp
    startup_stm32f10x_md.o(RESET) refers to startup_stm32f10x_md.o(.text) for Reset_Handler
    startup_stm32f10x_md.o(RESET) refers to stm32f10x_it.o(i.NMI_Handler) for NMI_Handler
    startup_stm32f10x_md.o(RESET) refers to stm32f10x_it.o(i.HardFault_Handler) for HardFault_Handler
    startup_stm32f10x_md.o(RESET) refers to stm32f10x_it.o(i.MemManage_Handler) for MemManage_Handler
    startup_stm32f10x_md.o(RESET) refers to stm32f10x_it.o(i.BusFault_Handler) for BusFault_Handler
    startup_stm32f10x_md.o(RESET) refers to stm32f10x_it.o(i.UsageFault_Handler) for UsageFault_Handler
    startup_stm32f10x_md.o(RESET) refers to stm32f10x_it.o(i.SVC_Handler) for SVC_Handler
    startup_stm32f10x_md.o(RESET) refers to stm32f10x_it.o(i.DebugMon_Handler) for DebugMon_Handler
    startup_stm32f10x_md.o(RESET) refers to stm32f10x_it.o(i.PendSV_Handler) for PendSV_Handler
    startup_stm32f10x_md.o(RESET) refers to stm32f10x_it.o(i.SysTick_Handler) for SysTick_Handler
    startup_stm32f10x_md.o(RESET) refers to myrtc.o(i.RTC_IRQHandler) for RTC_IRQHandler
    startup_stm32f10x_md.o(RESET) refers to myusart.o(i.USART1_IRQHandler) for USART1_IRQHandler
    startup_stm32f10x_md.o(RESET) refers to buletooth.o(i.USART2_IRQHandler) for USART2_IRQHandler
    startup_stm32f10x_md.o(RESET) refers to control_light.o(i.EXTI15_10_IRQHandler) for EXTI15_10_IRQHandler
    startup_stm32f10x_md.o(.text) refers to system_stm32f10x.o(i.SystemInit) for SystemInit
    startup_stm32f10x_md.o(.text) refers to entry.o(.ARM.Collect$$$$00000000) for __main
    system_stm32f10x.o(i.SetSysClock) refers to system_stm32f10x.o(i.SetSysClockTo72) for SetSysClockTo72
    system_stm32f10x.o(i.SystemCoreClockUpdate) refers to system_stm32f10x.o(.data) for SystemCoreClock
    system_stm32f10x.o(i.SystemInit) refers to system_stm32f10x.o(i.SetSysClock) for SetSysClock
    stm32f10x_adc.o(i.ADC_DeInit) refers to stm32f10x_rcc.o(i.RCC_APB2PeriphResetCmd) for RCC_APB2PeriphResetCmd
    stm32f10x_bkp.o(i.BKP_DeInit) refers to stm32f10x_rcc.o(i.RCC_BackupResetCmd) for RCC_BackupResetCmd
    stm32f10x_can.o(i.CAN_DeInit) refers to stm32f10x_rcc.o(i.RCC_APB1PeriphResetCmd) for RCC_APB1PeriphResetCmd
    stm32f10x_can.o(i.CAN_GetITStatus) refers to stm32f10x_can.o(i.CheckITStatus) for CheckITStatus
    stm32f10x_cec.o(i.CEC_DeInit) refers to stm32f10x_rcc.o(i.RCC_APB1PeriphResetCmd) for RCC_APB1PeriphResetCmd
    stm32f10x_dac.o(i.DAC_DeInit) refers to stm32f10x_rcc.o(i.RCC_APB1PeriphResetCmd) for RCC_APB1PeriphResetCmd
    stm32f10x_flash.o(i.FLASH_EnableWriteProtection) refers to stm32f10x_flash.o(i.FLASH_WaitForLastOperation) for FLASH_WaitForLastOperation
    stm32f10x_flash.o(i.FLASH_EraseAllBank1Pages) refers to stm32f10x_flash.o(i.FLASH_WaitForLastBank1Operation) for FLASH_WaitForLastBank1Operation
    stm32f10x_flash.o(i.FLASH_EraseAllPages) refers to stm32f10x_flash.o(i.FLASH_WaitForLastOperation) for FLASH_WaitForLastOperation
    stm32f10x_flash.o(i.FLASH_EraseOptionBytes) refers to stm32f10x_flash.o(i.FLASH_GetReadOutProtectionStatus) for FLASH_GetReadOutProtectionStatus
    stm32f10x_flash.o(i.FLASH_EraseOptionBytes) refers to stm32f10x_flash.o(i.FLASH_WaitForLastOperation) for FLASH_WaitForLastOperation
    stm32f10x_flash.o(i.FLASH_ErasePage) refers to stm32f10x_flash.o(i.FLASH_WaitForLastOperation) for FLASH_WaitForLastOperation
    stm32f10x_flash.o(i.FLASH_ProgramHalfWord) refers to stm32f10x_flash.o(i.FLASH_WaitForLastOperation) for FLASH_WaitForLastOperation
    stm32f10x_flash.o(i.FLASH_ProgramOptionByteData) refers to stm32f10x_flash.o(i.FLASH_WaitForLastOperation) for FLASH_WaitForLastOperation
    stm32f10x_flash.o(i.FLASH_ProgramWord) refers to stm32f10x_flash.o(i.FLASH_WaitForLastOperation) for FLASH_WaitForLastOperation
    stm32f10x_flash.o(i.FLASH_ReadOutProtection) refers to stm32f10x_flash.o(i.FLASH_WaitForLastOperation) for FLASH_WaitForLastOperation
    stm32f10x_flash.o(i.FLASH_UserOptionByteConfig) refers to stm32f10x_flash.o(i.FLASH_WaitForLastOperation) for FLASH_WaitForLastOperation
    stm32f10x_flash.o(i.FLASH_WaitForLastBank1Operation) refers to stm32f10x_flash.o(i.FLASH_GetBank1Status) for FLASH_GetBank1Status
    stm32f10x_flash.o(i.FLASH_WaitForLastOperation) refers to stm32f10x_flash.o(i.FLASH_GetBank1Status) for FLASH_GetBank1Status
    stm32f10x_gpio.o(i.GPIO_AFIODeInit) refers to stm32f10x_rcc.o(i.RCC_APB2PeriphResetCmd) for RCC_APB2PeriphResetCmd
    stm32f10x_gpio.o(i.GPIO_DeInit) refers to stm32f10x_rcc.o(i.RCC_APB2PeriphResetCmd) for RCC_APB2PeriphResetCmd
    stm32f10x_i2c.o(i.I2C_DeInit) refers to stm32f10x_rcc.o(i.RCC_APB1PeriphResetCmd) for RCC_APB1PeriphResetCmd
[...]
    GPIO_SETOUT                              0x080018cd   Thumb Code    16  dht11.o(i.GPIO_SETOUT)
    i.GPIO_SetBits                           0x080018e4   Section        0  stm32f10x_gpio.o(i.GPIO_SetBits)
    i.GPIO_WriteBit                          0x080018e8   Section        0  stm32f10x_gpio.o(i.GPIO_WriteBit)
    i.HardFault_Handler                      0x080018f2   Section        0  stm32f10x_it.o(i.HardFault_Handler)
    i.Is_Leap_Year                           0x080018f6   Section        0  myrtc.o(i.Is_Leap_Year)
    i.Judge1                                 0x08001930   Section        0  judge_temp.o(i.Judge1)
    i.Judge2                                 0x080019b4   Section        0  judge_li.o(i.Judge2)
    i.LED1_OFF                               0x08001a18   Section        0  led.o(i.LED1_OFF)
    i.LED1_ON                                0x08001a2c   Section        0  led.o(i.LED1_ON)
    i.LED2_OFF                               0x08001a40   Section        0  led.o(i.LED2_OFF)
    i.LED2_ON                                0x08001a54   Section        0  led.o(i.LED2_ON)
    i.LED_Init                               0x08001a68   Section        0  led.o(i.LED_Init)
    i.Light_Init                             0x08001acc   Section        0  control_light.o(i.Light_Init)
    i.MemManage_Handler                      0x08001b48   Section        0  stm32f10x_it.o(i.MemManage_Handler)
    i.Motor_Init                             0x08001b4c   Section        0  motor.o(i.Motor_Init)
    i.Motor_SetSpeed                         0x08001b7c   Section        0  motor.o(i.Motor_SetSpeed)
    i.MyUSART_Init                           0x08001b9c   Section        0  myusart.o(i.MyUSART_Init)
    i.NMI_Handler                            0x08001c54   Section        0  stm32f10x_it.o(i.NMI_Handler)
    i.NVIC_Init                              0x08001c58   Section        0  misc.o(i.NVIC_Init)
    i.NVIC_PriorityGroupConfig               0x08001cc8   Section        0  misc.o(i.NVIC_PriorityGroupConfig)
    i.OLED_Clear                             0x08001cdc   Section        0  oled.o(i.OLED_Clear)
    i.OLED_Init                              0x08001d06   Section        0  oled.o(i.OLED_Init)
    i.OLED_Pow                               0x08001db4   Section        0  oled.o(i.OLED_Pow)
    i.OLED_SPI_Init                          0x08001dc8   Section        0  oled.o(i.OLED_SPI_Init)
    i.OLED_SPI_SendByte                      0x08001e64   Section        0  oled.o(i.OLED_SPI_SendByte)
    i.OLED_SetCursor                         0x08001ea0   Section        0  oled.o(i.OLED_SetCursor)
    i.OLED_ShowChar                          0x08001ec4   Section        0  oled.o(i.OLED_ShowChar)
    i.OLED_ShowNum                           0x08001f38   Section        0  oled.o(i.OLED_ShowNum)
    i.OLED_ShowString                        0x08001f7c   Section        0  oled.o(i.OLED_ShowString)
    i.OLED_WriteCommand                      0x08001fa4   Section        0  oled.o(i.OLED_WriteCommand)
    i.OLED_WriteData                         0x08001fd8   Section        0  oled.o(i.OLED_WriteData)
    i.PWM_CompareSet1                        0x08002008   Section        0  pwm.o(i.PWM_CompareSet1)
    i.PWM_Init                               0x0800201c   Section        0  pwm.o(i.PWM_Init)
    i.PWM_SetCompare3                        0x080020c8   Section        0  pwm.o(i.PWM_SetCompare3)
    i.PWR_BackupAccessCmd                    0x080020dc   Section        0  stm32f10x_pwr.o(i.PWR_BackupAccessCmd)
    i.PendSV_Handler                         0x080020e8   Section        0  stm32f10x_it.o(i.PendSV_Handler)
    i.RCC_ADCCLKConfig                       0x080020ec   Section        0  stm32f10x_rcc.o(i.RCC_ADCCLKConfig)
    i.RCC_APB1PeriphClockCmd                 0x08002104   Section        0  stm32f10x_rcc.o(i.RCC_APB1PeriphClockCmd)
    i.RCC_APB2PeriphClockCmd                 0x08002124   Section        0  stm32f10x_rcc.o(i.RCC_APB2PeriphClockCmd)
    i.RCC_BackupResetCmd                     0x08002144   Section        0  stm32f10x_rcc.o(i.RCC_BackupResetCmd)
    i.RCC_GetClocksFreq                      0x08002150   Section        0  stm32f10x_rcc.o(i.RCC_GetClocksFreq)
    i.RCC_GetFlagStatus                      0x08002224   Section        0  stm32f10x_rcc.o(i.RCC_GetFlagStatus)
    i.RCC_LSEConfig                          0x08002260   Section        0  stm32f10x_rcc.o(i.RCC_LSEConfig)
    i.RCC_LSICmd                             0x08002294   Section        0  stm32f10x_rcc.o(i.RCC_LSICmd)
    i.RCC_RTCCLKCmd                          0x080022a0   Section        0  stm32f10x_rcc.o(i.RCC_RTCCLKCmd)
    i.RCC_RTCCLKConfig                       0x080022ac   Section        0  stm32f10x_rcc.o(i.RCC_RTCCLKConfig)
    i.RTC_ClearITPendingBit                  0x080022bc   Section        0  stm32f10x_rtc.o(i.RTC_ClearITPendingBit)
    i.RTC_EnterConfigMode                    0x080022cc   Section        0  stm32f10x_rtc.o(i.RTC_EnterConfigMode)
    i.RTC_ExitConfigMode                     0x080022e0   Section        0  stm32f10x_rtc.o(i.RTC_ExitConfigMode)
    i.RTC_Get                                0x080022f4   Section        0  myrtc.o(i.RTC_Get)
    i.RTC_GetCounter                         0x080023f4   Section        0  stm32f10x_rtc.o(i.RTC_GetCounter)
    i.RTC_GetITStatus                        0x08002408   Section        0  stm32f10x_rtc.o(i.RTC_GetITStatus)
    i.RTC_Get_Week                           0x0800242c   Section        0  myrtc.o(i.RTC_Get_Week)
    i.RTC_IRQHandler                         0x080024a4   Section        0  myrtc.o(i.RTC_IRQHandler)
    i.RTC_ITConfig                           0x080024d0   Section        0  stm32f10x_rtc.o(i.RTC_ITConfig)
    i.RTC_Init                               0x080024f0   Section        0  myrtc.o(i.RTC_Init)
    i.RTC_NVIC_Config                        0x080025c8   Section        0  myrtc.o(i.RTC_NVIC_Config)
    RTC_NVIC_Config                          0x080025c9   Thumb Code    40  myrtc.o(i.RTC_NVIC_Config)
    i.RTC_Set                                0x080025f0   Section        0  myrtc.o(i.RTC_Set)
    i.RTC_SetCounter                         0x080026b8   Section        0  stm32f10x_rtc.o(i.RTC_SetCounter)
    i.RTC_SetPrescaler                       0x080026d4   Section        0  stm32f10x_rtc.o(i.RTC_SetPrescaler)
    i.RTC_WaitForLastTask                    0x080026f4   Section        0  stm32f10x_rtc.o(i.RTC_WaitForLastTask)
    i.RTC_WaitForSynchro                     0x08002708   Section        0  stm32f10x_rtc.o(i.RTC_WaitForSynchro)
    i.SU03T_Init                             0x0800272c   Section        0  su-03t.o(i.SU03T_Init)
    i.SVC_Handler                            0x080027e4   Section        0  stm32f10x_it.o(i.SVC_Handler)
    i.Send_Equip_Data                        0x080027e8   Section        0  buletooth.o(i.Send_Equip_Data)
    i.SetSysClock                            0x08002830   Section        0  system_stm32f10x.o(i.SetSysClock)
    SetSysClock                              0x08002831   Thumb Code     8  system_stm32f10x.o(i.SetSysClock)
    i.SetSysClockTo72                        0x08002838   Section        0  system_stm32f10x.o(i.SetSysClockTo72)
    SetSysClockTo72                          0x08002839   Thumb Code   214  system_stm32f10x.o(i.SetSysClockTo72)
    i.SysTick_Handler                        0x08002918   Section        0  stm32f10x_it.o(i.SysTick_Handler)
    i.SystemInit                             0x0800291c   Section        0  system_stm32f10x.o(i.SystemInit)
    i.TIM_ClearFlag                          0x0800297c   Section        0  stm32f10x_tim.o(i.TIM_ClearFlag)
    i.TIM_Cmd                                0x08002982   Section        0  stm32f10x_tim.o(i.TIM_Cmd)
    i.TIM_ITConfig                           0x0800299a   Section        0  stm32f10x_tim.o(i.TIM_ITConfig)
    i.TIM_InternalClockConfig                0x080029ac   Section        0  stm32f10x_tim.o(i.TIM_InternalClockConfig)
    i.TIM_OC1Init                            0x080029b8   Section        0  stm32f10x_tim.o(i.TIM_OC1Init)
    i.TIM_OC2Init                            0x08002a50   Section        0  stm32f10x_tim.o(i.TIM_OC2Init)
    i.TIM_OCStructInit                       0x08002af4   Section        0  stm32f10x_tim.o(i.TIM_OCStructInit)
    i.TIM_SetCompare1                        0x08002b08   Section        0  stm32f10x_tim.o(i.TIM_SetCompare1)
    i.TIM_SetCompare2                        0x08002b0c   Section        0  stm32f10x_tim.o(i.TIM_SetCompare2)
    i.TIM_TimeBaseInit                       0x08002b10   Section        0  stm32f10x_tim.o(i.TIM_TimeBaseInit)
    i.Transmit_Data                          0x08002bb4   Section        0  esp.o(i.Transmit_Data)
    i.Transmit_Data2                         0x08002c28   Section        0  esp.o(i.Transmit_Data2)
    i.USART1_IRQHandler                      0x08002ca8   Section        0  myusart.o(i.USART1_IRQHandler)
    i.USART2_IRQHandler                      0x08002e58   Section        0  buletooth.o(i.USART2_IRQHandler)
    i.USART2_printf                          0x08002eb0   Section        0  buletooth.o(i.USART2_printf)
    i.USART3_printf                          0x08002f0c   Section        0  su-03t.o(i.USART3_printf)
    i.USART_Cmd                              0x08002f68   Section        0  stm32f10x_usart.o(i.USART_Cmd)
    i.USART_GetFlagStatus                    0x08002f80   Section        0  stm32f10x_usart.o(i.USART_GetFlagStatus)
    i.USART_GetITStatus                      0x08002f9a   Section        0  stm32f10x_usart.o(i.USART_GetITStatus)
    i.USART_ITConfig                         0x08002fee   Section        0  stm32f10x_usart.o(i.USART_ITConfig)
    i.USART_Init                             0x08003038   Section        0  stm32f10x_usart.o(i.USART_Init)
    i.USART_ReceiveData                      0x08003110   Section        0  stm32f10x_usart.o(i.USART_ReceiveData)
    i.USART_SendData                         0x0800311a   Section        0  stm32f10x_usart.o(i.USART_SendData)
    i.UsageFault_Handler                     0x08003122   Section        0  stm32f10x_it.o(i.UsageFault_Handler)
    i.__0printf                              0x08003128   Section        0  printfa.o(i.__0printf)
    i.__0vsnprintf                           0x08003148   Section        0  printfa.o(i.__0vsnprintf)
    i.__free$realloc                         0x08003174   Section        0  mallocr.o(i.__free$realloc)
    i.__malloc$realloc                       0x080031d0   Section        0  mallocr.o(i.__malloc$realloc)
    i.__scatterload_copy                     0x08003220   Section       14  handlers.o(i.__scatterload_copy)
    i.__scatterload_null                     0x0800322e   Section        2  handlers.o(i.__scatterload_null)
    i.__scatterload_zeroinit                 0x08003230   Section       14  handlers.o(i.__scatterload_zeroinit)
    i._fp_digits                             0x08003240   Section        0  printfa.o(i._fp_digits)
    _fp_digits                               0x08003241   Thumb Code   366  printfa.o(i._fp_digits)
    i._is_digit                              0x080033c4   Section        0  scanf_fp.o(i._is_digit)
    i._printf_core                           0x080033d4   Section        0  printfa.o(i._printf_core)
    _printf_core                             0x080033d5   Thumb Code  1744  printfa.o(i._printf_core)
    i._printf_post_padding                   0x08003ab0   Section        0  printfa.o(i._printf_post_padding)
    _printf_post_padding                     0x08003ab1   Thumb Code    36  printfa.o(i._printf_post_padding)
    i._printf_pre_padding                    0x08003ad4   Section        0  printfa.o(i._printf_pre_padding)
    _printf_pre_padding                      0x08003ad5   Thumb Code    46  printfa.o(i._printf_pre_padding)
    i._snputc                                0x08003b02   Section        0  printfa.o(i._snputc)
    _snputc                                  0x08003b03   Thumb Code    22  printfa.o(i._snputc)
    i.buffer_skip_whitespace                 0x08003b18   Section        0  cjson.o(i.buffer_skip_whitespace)
    buffer_skip_whitespace                   0x08003b19   Thumb Code    72  cjson.o(i.buffer_skip_whitespace)
    i.cJSON_Delete                           0x08003b60   Section        0  cjson.o(i.cJSON_Delete)
    i.cJSON_GetObjectItem                    0x08003bb8   Section        0  cjson.o(i.cJSON_GetObjectItem)
    i.cJSON_New_Item                         0x08003bca   Section        0  cjson.o(i.cJSON_New_Item)
    cJSON_New_Item                           0x08003bcb   Thumb Code    26  cjson.o(i.cJSON_New_Item)
    i.cJSON_ParseWithLength                  0x08003be4   Section        0  cjson.o(i.cJSON_ParseWithLength)
    i.cJSON_ParseWithLengthOpts              0x08003bf8   Section        0  cjson.o(i.cJSON_ParseWithLengthOpts)
    i.case_insensitive_strcmp                0x08003ccc   Section        0  cjson.o(i.case_insensitive_strcmp)
    case_insensitive_strcmp                  0x08003ccd   Thumb Code    72  cjson.o(i.case_insensitive_strcmp)
    i.delay                                  0x08003d14   Section        0  ds18b20.o(i.delay)
    i.ds18b20_init_x                         0x08003d20   Section        0  ds18b20.o(i.ds18b20_init_x)
    i.ds18b20_read                           0x08003d4c   Section        0  ds18b20.o(i.ds18b20_read)
    i.fputc                                  0x08003e00   Section        0  esp.o(i.fputc)
    i.get_decimal_point                      0x08003e24   Section        0  cjson.o(i.get_decimal_point)
    get_decimal_point                        0x08003e25   Thumb Code     4  cjson.o(i.get_decimal_point)
    i.get_object_item                        0x08003e28   Section        0  cjson.o(i.get_object_item)
    get_object_item                          0x08003e29   Thumb Code    82  cjson.o(i.get_object_item)
    i.human_Init                             0x08003e7c   Section        0  human.o(i.human_Init)
    i.human_enter                            0x08003eb0   Section        0  human.o(i.human_enter)
    i.internal_alloc                         0x08003f08   Section        0  mallocr.o(i.internal_alloc)
    internal_alloc                           0x08003f09   Thumb Code    76  mallocr.o(i.internal_alloc)
    i.main                                   0x08003f58   Section        0  main.o(i.main)
    i.mode_input1                            0x08004494   Section        0  ds18b20.o(i.mode_input1)
    i.mode_output1                           0x080044b8   Section        0  ds18b20.o(i.mode_output1)
    i.ow_bit_io                              0x080044dc   Section        0  ds18b20.o(i.ow_bit_io)
    i.ow_byte_rd                             0x08004524   Section        0  ds18b20.o(i.ow_byte_rd)
    i.ow_byte_wr                             0x0800452e   Section        0  ds18b20.o(i.ow_byte_wr)
    i.ow_reset                               0x08004554   Section        0  ds18b20.o(i.ow_reset)
    i.parse_array                            0x080045a4   Section        0  cjson.o(i.parse_array)
    parse_array                              0x080045a5   Thumb Code   248  cjson.o(i.parse_array)
    i.parse_hex4                             0x0800469c   Section        0  cjson.o(i.parse_hex4)
    parse_hex4                               0x0800469d   Thumb Code    90  cjson.o(i.parse_hex4)
    i.parse_number                           0x080046f8   Section        0  cjson.o(i.parse_number)
    parse_number                             0x080046f9   Thumb Code   298  cjson.o(i.parse_number)
    i.parse_object                           0x08004830   Section        0  cjson.o(i.parse_object)
    parse_object                             0x08004831   Thumb Code   318  cjson.o(i.parse_object)
    i.parse_string                           0x0800496e   Section        0  cjson.o(i.parse_string)
    parse_string                             0x0800496f   Thumb Code   396  cjson.o(i.parse_string)
    i.parse_value                            0x08004afc   Section        0  cjson.o(i.parse_value)
    parse_value                              0x08004afd   Thumb Code   290  cjson.o(i.parse_value)
    i.realloc                                0x08004c38   Section        0  mallocr.o(i.realloc)
    i.skip_utf8_bom                          0x08004ca4   Section        0  cjson.o(i.skip_utf8_bom)
    skip_utf8_bom                            0x08004ca5   Thumb Code    56  cjson.o(i.skip_utf8_bom)
    i.strtod                                 0x08004ce0   Section        0  strtod.o(i.strtod)
    i.utf16_literal_to_utf8                  0x08004cfc   Section        0  cjson.o(i.utf16_literal_to_utf8)
    utf16_literal_to_utf8                    0x08004cfd   Thumb Code   300  cjson.o(i.utf16_literal_to_utf8)
    .constdata                               0x08004e28   Section       24  myrtc.o(.constdata)
    .constdata                               0x08004e40   Section     2416  oled.o(.constdata)
    .constdata                               0x080057b0   Section       64  ctype_c.o(.constdata)
    .conststring                             0x080057f0   Section      246  esp.o(.conststring)
    .data                                    0x20000000   Section       20  stm32f10x_rcc.o(.data)
    APBAHBPrescTable                         0x20000000   Data          16  stm32f10x_rcc.o(.data)
    ADCPrescTable                            0x20000010   Data           4  stm32f10x_rcc.o(.data)
    .data                                    0x20000014   Section        8  judge_temp.o(.data)
    .data                                    0x2000001c   Section        4  judge_li.o(.data)
    .data                                    0x20000020   Section        2  myrtc.o(.data)
    daycnt                                   0x20000020   Data           2  myrtc.o(.data)
    .data                                    0x20000024   Section       20  cjson.o(.data)
    global_error                             0x20000024   Data           8  cjson.o(.data)
    global_hooks                             0x2000002c   Data          12  cjson.o(.data)
    .data                                    0x20000038   Section        4  dht11.o(.data)
    .data                                    0x2000003c   Section       22  esp.o(.data)
    .data                                    0x20000052   Section        2  myusart.o(.data)
    .data                                    0x20000054   Section        1  buletooth.o(.data)
    .data                                    0x20000058   Section       44  main.o(.data)
    .data                                    0x20000084   Section        4  stdout.o(.data)
    .data                                    0x20000088   Section        4  mvars.o(.data)
    .data                                    0x2000008c   Section        4  mvars.o(.data)
    .bss                                     0x20000090   Section       10  myrtc.o(.bss)
    .bss                                     0x2000009a   Section     1025  su-03t.o(.bss)
    .bss                                     0x2000049b   Section     1024  myusart.o(.bss)
    .bss                                     0x2000089b   Section     1025  buletooth.o(.bss)
    .bss                                     0x20000c9c   Section    12288  main.o(.bss)
    HEAP                                     0x20003ca0   Section      512  startup_stm32f10x_md.o(HEAP)
    STACK                                    0x20003ea0   Section     1024  startup_stm32f10x_md.o(STACK)

    Global Symbols

    Symbol Name                              Value     Ov Type        Size  Object(Section)

    BuildAttributes$$THM_ISAv4$P$D$K$B$S$PE$A:L22UL41UL21$X:L11$S22US41US21$IEEE1$IW$USESV6$~STKCKD$USESV7$~SHL$OTIME$ROPI$IEEEJ$EBA8$MICROLIB$REQ8$PRES8$EABIv2 0x00000000   Number         0  anon$$obj.o ABSOLUTE
    __ARM_use_no_argv                        0x00000000   Number         0  main.o ABSOLUTE
    _printf_a                                0x00000000   Number         0  stubs.o ABSOLUTE
    _printf_c                                0x00000000   Number         0  stubs.o ABSOLUTE
    _printf_charcount                        0x00000000   Number         0  stubs.o ABSOLUTE
    _printf_d                                0x00000000   Number         0  stubs.o ABSOLUTE
    _printf_e                                0x00000000   Number         0  stubs.o ABSOLUTE
    _printf_f                                0x00000000   Number         0  stubs.o ABSOLUTE
    _printf_flags                            0x00000000   Number         0  stubs.o ABSOLUTE
    _printf_fp_dec                           0x00000000   Number         0  stubs.o ABSOLUTE
    _printf_fp_hex                           0x00000000   Number         0  stubs.o ABSOLUTE
    _printf_g                                0x00000000   Number         0  stubs.o ABSOLUTE
    _printf_i                                0x00000000   Number         0  stubs.o ABSOLUTE
    _printf_int_dec                          0x00000000   Number         0  stubs.o ABSOLUTE
    _printf_l                                0x00000000   Number         0  stubs.o ABSOLUTE
    _printf_lc                               0x00000000   Number         0  stubs.o ABSOLUTE
    _printf_ll                               0x00000000   Number         0  stubs.o ABSOLUTE
    _printf_lld                              0x00000000   Number         0  stubs.o ABSOLUTE
    _printf_lli                              0x00000000   Number         0  stubs.o ABSOLUTE
    _printf_llo                              0x00000000   Number         0  stubs.o ABSOLUTE
    _printf_llu                              0x00000000   Number         0  stubs.o ABSOLUTE
    _printf_llx                              0x00000000   Number         0  stubs.o ABSOLUTE
    _printf_longlong_dec                     0x00000000   Number         0  stubs.o ABSOLUTE
    _printf_longlong_hex                     0x00000000   Number         0  stubs.o ABSOLUTE
    _printf_longlong_oct                     0x00000000   Number         0  stubs.o ABSOLUTE
    _printf_ls                               0x00000000   Number         0  stubs.o ABSOLUTE
    _printf_mbtowc                           0x00000000   Number         0  stubs.o ABSOLUTE
    _printf_n                                0x00000000   Number         0  stubs.o ABSOLUTE
    _printf_o                                0x00000000   Number         0  stubs.o ABSOLUTE
    _printf_p                                0x00000000   Number         0  stubs.o ABSOLUTE
    _printf_percent                          0x00000000   Number         0  stubs.o ABSOLUTE
    _printf_pre_padding                      0x00000000   Number         0  stubs.o ABSOLUTE
    _printf_return_value                     0x00000000   Number         0  stubs.o ABSOLUTE
    _printf_s                                0x00000000   Number         0  stubs.o ABSOLUTE
    _printf_sizespec                         0x00000000   Number         0  stubs.o ABSOLUTE
    _printf_str                              0x00000000   Number         0  stubs.o ABSOLUTE
    _printf_truncate_signed                  0x00000000   Number         0  stubs.o ABSOLUTE
    _printf_truncate_unsigned                0x00000000   Number         0  stubs.o ABSOLUTE
    _printf_u                                0x00000000   Number         0  stubs.o ABSOLUTE
    _printf_wc                               0x00000000   Number         0  stubs.o ABSOLUTE
    _printf_wctomb                           0x00000000   Number         0  stubs.o ABSOLUTE
    _printf_widthprec                        0x00000000   Number         0  stubs.o ABSOLUTE
    _printf_x                                0x00000000   Number         0  stubs.o ABSOLUTE
    __cpp_initialize__aeabi_                  - Undefined Weak Reference
    __cxa_finalize                            - Undefined Weak Reference
    __decompress                              - Undefined Weak Reference
    _clock_init                               - Undefined Weak Reference
    _microlib_exit                            - Undefined Weak Reference
    _scanf_int                                - Undefined Weak Reference
    _scanf_longlong                           - Undefined Weak Reference
    _scanf_string                             - Undefined Weak Reference
    __Vectors_Size                           0x000000ec   Number         0  startup_stm32f10x_md.o ABSOLUTE
    __Vectors                                0x08000000   Data           4  startup_stm32f10x_md.o(RESET)
    __Vectors_End                            0x080000ec   Data           0  startup_stm32f10x_md.o(RESET)
    __main                                   0x080000ed   Thumb Code     0  entry.o(.ARM.Collect$$$$00000000)
    _main_stk                                0x080000ed   Thumb Code     0  entry2.o(.ARM.Collect$$$$00000001)
    _main_scatterload                        0x080000f1   Thumb Code     0  entry5.o(.ARM.Collect$$$$00000004)
    __main_after_scatterload                 0x080000f5   Thumb Code     0  entry5.o(.ARM.Collect$$$$00000004)
    _main_clock                              0x080000f5   Thumb Code     0  entry7b.o(.ARM.Collect$$$$00000008)
    _main_cpp_init                           0x080000f5   Thumb Code     0  entry8b.o(.ARM.Collect$$$$0000000A)
    _main_init                               0x080000f5   Thumb Code     0  entry9a.o(.ARM.Collect$$$$0000000B)
    __rt_final_cpp                           0x080000fd   Thumb Code     0  entry10a.o(.ARM.Collect$$$$0000000D)
    __rt_final_exit                          0x080000fd   Thumb Code     0  entry11a.o(.ARM.Collect$$$$0000000F)
    Reset_Handler                            0x08000101   Thumb Code     8  startup_stm32f10x_md.o(.text)
    ADC1_2_IRQHandler                        0x0800011b   Thumb Code     0  startup_stm32f10x_md.o(.text)
    CAN1_RX1_IRQHandler                      0x0800011b   Thumb Code     0  startup_stm32f10x_md.o(.text)
    CAN1_SCE_IRQHandler                      0x0800011b   Thumb Code     0  startup_stm32f10x_md.o(.text)
    DMA1_Channel1_IRQHandler                 0x0800011b   Thumb Code     0  startup_stm32f10x_md.o(.text)
    DMA1_Channel2_IRQHandler                 0x0800011b   Thumb Code     0  startup_stm32f10x_md.o(.text)
    DMA1_Channel3_IRQHandler                 0x0800011b   Thumb Code     0  startup_stm32f10x_md.o(.text)
    DMA1_Channel4_IRQHandler                 0x0800011b   Thumb Code     0  startup_stm32f10x_md.o(.text)
    DMA1_Channel5_IRQHandler                 0x0800011b   Thumb Code     0  startup_stm32f10x_md.o(.text)
    DMA1_Channel6_IRQHandler                 0x0800011b   Thumb Code     0  startup_stm32f10x_md.o(.text)
    DMA1_Channel7_IRQHandler                 0x0800011b   Thumb Code     0  startup_stm32f10x_md.o(.text)
    EXTI0_IRQHandler                         0x0800011b   Thumb Code     0  startup_stm32f10x_md.o(.text)
    EXTI1_IRQHandler                         0x0800011b   Thumb Code     0  startup_stm32f10x_md.o(.text)
    EXTI2_IRQHandler                         0x0800011b   Thumb Code     0  startup_stm32f10x_md.o(.text)
    EXTI3_IRQHandler                         0x0800011b   Thumb Code     0  startup_stm32f10x_md.o(.text)
    EXTI4_IRQHandler                         0x0800011b   Thumb Code     0  startup_stm32f10x_md.o(.text)
    EXTI9_5_IRQHandler                       0x0800011b   Thumb Code     0  startup_stm32f10x_md.o(.text)
    FLASH_IRQHandler                         0x0800011b   Thumb Code     0  startup_stm32f10x_md.o(.text)
    I2C1_ER_IRQHandler                       0x0800011b   Thumb Code     0  startup_stm32f10x_md.o(.text)
    I2C1_EV_IRQHandler                       0x0800011b   Thumb Code     0  startup_stm32f10x_md.o(.text)
    I2C2_ER_IRQHandler                       0x0800011b   Thumb Code     0  startup_stm32f10x_md.o(.text)
    I2C2_EV_IRQHandler                       0x0800011b   Thumb Code     0  startup_stm32f10x_md.o(.text)
    PVD_IRQHandler                           0x0800011b   Thumb Code     0  startup_stm32f10x_md.o(.text)
    RCC_IRQHandler                           0x0800011b   Thumb Code     0  startup_stm32f10x_md.o(.text)
    RTCAlarm_IRQHandler                      0x0800011b   Thumb Code     0  startup_stm32f10x_md.o(.text)
    SPI1_IRQHandler                          0x0800011b   Thumb Code     0  startup_stm32f10x_md.o(.text)
    SPI2_IRQHandler                          0x0800011b   Thumb Code     0  startup_stm32f10x_md.o(.text)
    TAMPER_IRQHandler                        0x0800011b   Thumb Code     0  startup_stm32f10x_md.o(.text)
    TIM1_BRK_IRQHandler                      0x0800011b   Thumb Code     0  startup_stm32f10x_md.o(.text)
    TIM1_CC_IRQHandler                       0x0800011b   Thumb Code     0  startup_stm32f10x_md.o(.text)
    TIM1_TRG_COM_IRQHandler                  0x0800011b   Thumb Code     0  startup_stm32f10x_md.o(.text)
    TIM1_UP_IRQHandler                       0x0800011b   Thumb Code     0  startup_stm32f10x_md.o(.text)
    TIM2_IRQHandler                          0x0800011b   Thumb Code     0  startup_stm32f10x_md.o(.text)
    TIM3_IRQHandler                          0x0800011b   Thumb Code     0  startup_stm32f10x_md.o(.text)
    TIM4_IRQHandler                          0x0800011b   Thumb Code     0  startup_stm32f10x_md.o(.text)
    USART3_IRQHandler                        0x0800011b   Thumb Code     0  startup_stm32f10x_md.o(.text)
    USBWakeUp_IRQHandler                     0x0800011b   Thumb Code     0  startup_stm32f10x_md.o(.text)
    USB_HP_CAN1_TX_IRQHandler                0x0800011b   Thumb Code     0  startup_stm32f10x_md.o(.text)
    USB_LP_CAN1_RX0_IRQHandler               0x0800011b   Thumb Code     0  startup_stm32f10x_md.o(.text)
    WWDG_IRQHandler                          0x0800011b   Thumb Code     0  startup_stm32f10x_md.o(.text)
    tolower                                  0x08000125   Thumb Code    12  tolower.o(.text)
    __aeabi_memcpy                           0x08000131   Thumb Code    36  memcpya.o(.text)
    __aeabi_memcpy4                          0x08000131   Thumb Code     0  memcpya.o(.text)
    __aeabi_memcpy8                          0x08000131   Thumb Code     0  memcpya.o(.text)
    __aeabi_memset                           0x08000155   Thumb Code    14  memseta.o(.text)
    __aeabi_memset4                          0x08000155   Thumb Code     0  memseta.o(.text)
    __aeabi_memset8                          0x08000155   Thumb Code     0  memseta.o(.text)
    __aeabi_memclr                           0x08000163   Thumb Code     4  memseta.o(.text)
    __aeabi_memclr4                          0x08000163   Thumb Code     0  memseta.o(.text)
    __aeabi_memclr8                          0x08000163   Thumb Code     0  memseta.o(.text)
    _memset$wrapper                          0x08000167   Thumb Code    18  memseta.o(.text)
    strlen                                   0x08000179   Thumb Code    14  strlen.o(.text)
    strcmp                                   0x08000187   Thumb Code    28  strcmp.o(.text)
    strncmp                                  0x080001a3   Thumb Code    30  strncmp.o(.text)
    _scanf_real                              0x080002e9   Thumb Code     0  scanf_fp.o(.text)
    _scanf_really_real                       0x080002e9   Thumb Code   556  scanf_fp.o(.text)
    __aeabi_fmul                             0x08000521   Thumb Code   100  fmul.o(.text)
    __aeabi_dadd                             0x08000585   Thumb Code   322  dadd.o(.text)
    __aeabi_dsub                             0x080006c7   Thumb Code     6  dadd.o(.text)
    __aeabi_drsub                            0x080006cd   Thumb Code     6  dadd.o(.text)
    __aeabi_dmul                             0x080006d3   Thumb Code   228  dmul.o(.text)
    __aeabi_ddiv                             0x080007b7   Thumb Code   222  ddiv.o(.text)
    __aeabi_i2f                              0x08000895   Thumb Code    18  fflti.o(.text)
    __aeabi_ui2d                             0x080008a7   Thumb Code    26  dfltui.o(.text)
    __aeabi_f2iz                             0x080008c1   Thumb Code    50  ffixi.o(.text)
    __aeabi_f2uiz                            0x080008f3   Thumb Code    40  ffixui.o(.text)
    __aeabi_d2iz                             0x0800091b   Thumb Code    62  dfixi.o(.text)
    __aeabi_d2uiz                            0x08000959   Thumb Code    50  dfixui.o(.text)
    __aeabi_f2d                              0x0800098b   Thumb Code    38  f2d.o(.text)
    __aeabi_cdcmpeq                          0x080009b1   Thumb Code     0  cdcmple.o(.text)
    __aeabi_cdcmple                          0x080009b1   Thumb Code    48  cdcmple.o(.text)
    __aeabi_cdrcmple                         0x080009e1   Thumb Code    48  cdrcmple.o(.text)
    __aeabi_d2f                              0x08000a11   Thumb Code    56  d2f.o(.text)
    __aeabi_cfrcmple                         0x08000a49   Thumb Code    20  cfrcmple.o(.text)
    __aeabi_uidiv                            0x08000a5d   Thumb Code     0  uidiv.o(.text)
    __aeabi_uidivmod                         0x08000a5d   Thumb Code    44  uidiv.o(.text)
    __aeabi_uldivmod                         0x08000a89   Thumb Code    98  uldiv.o(.text)
    __aeabi_llsl                             0x08000aeb   Thumb Code    30  llshl.o(.text)
    _ll_shift_l                              0x08000aeb   Thumb Code     0  llshl.o(.text)
    __aeabi_llsr                             0x08000b09   Thumb Code    32  llushr.o(.text)
    _ll_ushift_r                             0x08000b09   Thumb Code     0  llushr.o(.text)
    __aeabi_lasr                             0x08000b29   Thumb Code    36  llsshr.o(.text)
    _ll_sshift_r                             0x08000b29   Thumb Code     0  llsshr.o(.text)
    _sgetc                                   0x08000b4d   Thumb Code    30  _sgetc.o(.text)
    _sbackspace                              0x08000b6b   Thumb Code    34  _sgetc.o(.text)
    __strtod_int                             0x08000bc3   Thumb Code    90  strtod.o(.text)
    __I$use$fp                               0x08000c29   Thumb Code     0  iusefp.o(.text)
    _float_round                             0x08000c29   Thumb Code    18  fepilogue.o(.text)
    _float_epilogue                          0x08000c3b   Thumb Code    92  fepilogue.o(.text)
    _double_round                            0x08000c97   Thumb Code    30  depilogue.o(.text)
    _double_epilogue                         0x08000cb5   Thumb Code   156  depilogue.o(.text)
    __aeabi_ul2d                             0x08000d51   Thumb Code    24  dfltul.o(.text)
    __aeabi_d2ulz                            0x08000d69   Thumb Code    48  dfixul.o(.text)
    __scatterload                            0x08000d99   Thumb Code    28  init.o(.text)
    __scatterload_rt2                        0x08000d99   Thumb Code     0  init.o(.text)
    isspace                                  0x08000dbd   Thumb Code    10  isspace_c.o(.text)
    __ctype_lookup                           0x08000dc9   Thumb Code    34  ctype_c.o(.text)
    ADC_Cmd                                  0x08000df1   Thumb Code    22  stm32f10x_adc.o(i.ADC_Cmd)
    ADC_GetCalibrationStatus                 0x08000e07   Thumb Code    20  stm32f10x_adc.o(i.ADC_GetCalibrationStatus)
    ADC_GetConversionValue                   0x08000e1b   Thumb Code     8  stm32f10x_adc.o(i.ADC_GetConversionValue)
    ADC_GetFlagStatus                        0x08000e23   Thumb Code    18  stm32f10x_adc.o(i.ADC_GetFlagStatus)
    ADC_GetResetCalibrationStatus            0x08000e35   Thumb Code    20  stm32f10x_adc.o(i.ADC_GetResetCalibrationStatus)
    ADC_Init                                 0x08000e49   Thumb Code    70  stm32f10x_adc.o(i.ADC_Init)
    ADC_RegularChannelConfig                 0x08000e99   Thumb Code   184  stm32f10x_adc.o(i.ADC_RegularChannelConfig)
    ADC_ResetCalibration                     0x08000f51   Thumb Code    10  stm32f10x_adc.o(i.ADC_ResetCalibration)
    ADC_SoftwareStartConvCmd                 0x08000f5b   Thumb Code    22  stm32f10x_adc.o(i.ADC_SoftwareStartConvCmd)
    ADC_StartCalibration                     0x08000f71   Thumb Code    10  stm32f10x_adc.o(i.ADC_StartCalibration)
    AD_GetValue                              0x08000f7d   Thumb Code    46  adc.o(i.AD_GetValue)
    AD_Init                                  0x08000fb1   Thumb Code   172  adc.o(i.AD_Init)
    BKP_DeInit                               0x08001069   Thumb Code    16  stm32f10x_bkp.o(i.BKP_DeInit)
    BKP_ReadBackupRegister                   0x08001079   Thumb Code    24  stm32f10x_bkp.o(i.BKP_ReadBackupRegister)
    BKP_WriteBackupRegister                  0x08001095   Thumb Code    22  stm32f10x_bkp.o(i.BKP_WriteBackupRegister)
    BlueTooth_Link_Station                   0x080010b1   Thumb Code    44  buletooth.o(i.BlueTooth_Link_Station)
    BuleTooth_Init                           0x080010f1   Thumb Code   200  buletooth.o(i.BuleTooth_Init)
    BusFault_Handler                         0x080011c1   Thumb Code     4  stm32f10x_it.o(i.BusFault_Handler)
    Buzzer_Init                              0x080011c5   Thumb Code    46  buzzer.o(i.Buzzer_Init)
    Buzzer_Lock_ON                           0x080011f9   Thumb Code    20  buzzer.o(i.Buzzer_Lock_ON)
    Buzzer_off                               0x0800120d   Thumb Code    12  buzzer.o(i.Buzzer_off)
    Buzzer_on                                0x0800121d   Thumb Code    12  buzzer.o(i.Buzzer_on)
    Comman_Rec                               0x0800122d   Thumb Code   182  esp.o(i.Comman_Rec)
    DHT11_Init                               0x0800139d   Thumb Code    40  dht11.o(i.DHT11_Init)
    DHT11_Read_Data                          0x08001443   Thumb Code    90  dht11.o(i.DHT11_Read_Data)
    DebugMon_Handler                         0x080014c5   Thumb Code     2  stm32f10x_it.o(i.DebugMon_Handler)
    Delay_ms                                 0x080014c7   Thumb Code    24  delay.o(i.Delay_ms)
    Delay_us                                 0x080014df   Thumb Code    46  delay.o(i.Delay_us)
    ESP_TCPServicer_Init                     0x0800150d   Thumb Code    52  esp.o(i.ESP_TCPServicer_Init)
    ESP_WIFI_Init                            0x0800156d   Thumb Code    84  esp.o(i.ESP_WIFI_Init)
    ESP_WIFI_Status                          0x080015f9   Thumb Code    32  esp.o(i.ESP_WIFI_Status)
    EXTI15_10_IRQHandler                     0x08001631   Thumb Code    44  control_light.o(i.EXTI15_10_IRQHandler)
    EXTI_ClearITPendingBit                   0x08001665   Thumb Code     6  stm32f10x_exti.o(i.EXTI_ClearITPendingBit)
    EXTI_GetITStatus                         0x08001671   Thumb Code    34  stm32f10x_exti.o(i.EXTI_GetITStatus)
    EXTI_Init                                0x08001699   Thumb Code   142  stm32f10x_exti.o(i.EXTI_Init)
    Explan                                   0x0800172d   Thumb Code    24  buletooth.o(i.Explan)
    GPIO_EXTILineConfig                      0x08001749   Thumb Code    60  stm32f10x_gpio.o(i.GPIO_EXTILineConfig)
    GPIO_Init                                0x08001789   Thumb Code   278  stm32f10x_gpio.o(i.GPIO_Init)
    GPIO_ReadInputDataBit                    0x0800189f   Thumb Code    18  stm32f10x_gpio.o(i.GPIO_ReadInputDataBit)
    GPIO_ResetBits                           0x080018b1   Thumb Code     4  stm32f10x_gpio.o(i.GPIO_ResetBits)
    GPIO_SetBits                             0x080018e5   Thumb Code     4  stm32f10x_gpio.o(i.GPIO_SetBits)
    GPIO_WriteBit                            0x080018e9   Thumb Code    10  stm32f10x_gpio.o(i.GPIO_WriteBit)
    HardFault_Handler                        0x080018f3   Thumb Code     4  stm32f10x_it.o(i.HardFault_Handler)
    Is_Leap_Year                             0x080018f7   Thumb Code    58  myrtc.o(i.Is_Leap_Year)
    Judge1                                   0x08001931   Thumb Code   112  judge_temp.o(i.Judge1)
    Judge2                                   0x080019b5   Thumb Code    88  judge_li.o(i.Judge2)
    LED1_OFF                                 0x08001a19   Thumb Code    14  led.o(i.LED1_OFF)
    LED1_ON                                  0x08001a2d   Thumb Code    14  led.o(i.LED1_ON)
    LED2_OFF                                 0x08001a41   Thumb Code    14  led.o(i.LED2_OFF)
    LED2_ON                                  0x08001a55   Thumb Code    14  led.o(i.LED2_ON)
    LED_Init                                 0x08001a69   Thumb Code    92  led.o(i.LED_Init)
    Light_Init                               0x08001acd   Thumb Code   120  control_light.o(i.Light_Init)
    MemManage_Handler                        0x08001b49   Thumb Code     4  stm32f10x_it.o(i.MemManage_Handler)
    Motor_Init                               0x08001b4d   Thumb Code    42  motor.o(i.Motor_Init)
    Motor_SetSpeed                           0x08001b7d   Thumb Code    28  motor.o(i.Motor_SetSpeed)
    MyUSART_Init                             0x08001b9d   Thumb Code   176  myusart.o(i.MyUSART_Init)
    NMI_Handler                              0x08001c55   Thumb Code     2  stm32f10x_it.o(i.NMI_Handler)
    NVIC_Init                                0x08001c59   Thumb Code   100  misc.o(i.NVIC_Init)
    NVIC_PriorityGroupConfig                 0x08001cc9   Thumb Code    10  misc.o(i.NVIC_PriorityGroupConfig)
    OLED_Clear                               0x08001cdd   Thumb Code    42  oled.o(i.OLED_Clear)
    OLED_Init                                0x08001d07   Thumb Code   174  oled.o(i.OLED_Init)
    OLED_Pow                                 0x08001db5   Thumb Code    20  oled.o(i.OLED_Pow)
    OLED_SPI_Init                            0x08001dc9   Thumb Code   152  oled.o(i.OLED_SPI_Init)
    OLED_SPI_SendByte                        0x08001e65   Thumb Code    56  oled.o(i.OLED_SPI_SendByte)
    OLED_SetCursor                           0x08001ea1   Thumb Code    34  oled.o(i.OLED_SetCursor)
    OLED_ShowChar                            0x08001ec5   Thumb Code   110  oled.o(i.OLED_ShowChar)
    OLED_ShowNum                             0x08001f39   Thumb Code    68  oled.o(i.OLED_ShowNum)
    OLED_ShowString                          0x08001f7d   Thumb Code    40  oled.o(i.OLED_ShowString)
    OLED_WriteCommand                        0x08001fa5   Thumb Code    46  oled.o(i.OLED_WriteCommand)
    OLED_WriteData                           0x08001fd9   Thumb Code    44  oled.o(i.OLED_WriteData)
    PWM_CompareSet1                          0x08002009   Thumb Code    14  pwm.o(i.PWM_CompareSet1)
    PWM_Init                                 0x0800201d   Thumb Code   164  pwm.o(i.PWM_Init)
    PWM_SetCompare3                          0x080020c9   Thumb Code    14  pwm.o(i.PWM_SetCompare3)
    PWR_BackupAccessCmd                      0x080020dd   Thumb Code     6  stm32f10x_pwr.o(i.PWR_BackupAccessCmd)
    PendSV_Handler                           0x080020e9   Thumb Code     2  stm32f10x_it.o(i.PendSV_Handler)
    RCC_ADCCLKConfig                         0x080020ed   Thumb Code    18  stm32f10x_rcc.o(i.RCC_ADCCLKConfig)
    RCC_APB1PeriphClockCmd                   0x08002105   Thumb Code    26  stm32f10x_rcc.o(i.RCC_APB1PeriphClockCmd)
    RCC_APB2PeriphClockCmd                   0x08002125   Thumb Code    26  stm32f10x_rcc.o(i.RCC_APB2PeriphClockCmd)
    RCC_BackupResetCmd                       0x08002145   Thumb Code     6  stm32f10x_rcc.o(i.RCC_BackupResetCmd)
    RCC_GetClocksFreq                        0x08002151   Thumb Code   192  stm32f10x_rcc.o(i.RCC_GetClocksFreq)
    RCC_GetFlagStatus                        0x08002225   Thumb Code    56  stm32f10x_rcc.o(i.RCC_GetFlagStatus)
    RCC_LSEConfig                            0x08002261   Thumb Code    46  stm32f10x_rcc.o(i.RCC_LSEConfig)
    RCC_LSICmd                               0x08002295   Thumb Code     6  stm32f10x_rcc.o(i.RCC_LSICmd)
    RCC_RTCCLKCmd                            0x080022a1   Thumb Code     6  stm32f10x_rcc.o(i.RCC_RTCCLKCmd)
    RCC_RTCCLKConfig                         0x080022ad   Thumb Code    12  stm32f10x_rcc.o(i.RCC_RTCCLKConfig)
    RTC_ClearITPendingBit                    0x080022bd   Thumb Code    12  stm32f10x_rtc.o(i.RTC_ClearITPendingBit)
    RTC_EnterConfigMode                      0x080022cd   Thumb Code    14  stm32f10x_rtc.o(i.RTC_EnterConfigMode)
    RTC_ExitConfigMode                       0x080022e1   Thumb Code    16  stm32f10x_rtc.o(i.RTC_ExitConfigMode)
    RTC_Get                                  0x080022f5   Thumb Code   240  myrtc.o(i.RTC_Get)
    RTC_GetCounter                           0x080023f5   Thumb Code    16  stm32f10x_rtc.o(i.RTC_GetCounter)
    RTC_GetITStatus                          0x08002409   Thumb Code    32  stm32f10x_rtc.o(i.RTC_GetITStatus)
    RTC_Get_Week                             0x0800242d   Thumb Code   116  myrtc.o(i.RTC_Get_Week)
    RTC_IRQHandler                           0x080024a5   Thumb Code    44  myrtc.o(i.RTC_IRQHandler)
    RTC_ITConfig                             0x080024d1   Thumb Code    26  stm32f10x_rtc.o(i.RTC_ITConfig)
    RTC_Init                                 0x080024f1   Thumb Code   216  myrtc.o(i.RTC_Init)
    RTC_Set                                  0x080025f1   Thumb Code   184  myrtc.o(i.RTC_Set)
    RTC_SetCounter                           0x080026b9   Thumb Code    24  stm32f10x_rtc.o(i.RTC_SetCounter)
    RTC_SetPrescaler                         0x080026d5   Thumb Code    26  stm32f10x_rtc.o(i.RTC_SetPrescaler)
    RTC_WaitForLastTask                      0x080026f5   Thumb Code    16  stm32f10x_rtc.o(i.RTC_WaitForLastTask)
    RTC_WaitForSynchro                       0x08002709   Thumb Code    30  stm32f10x_rtc.o(i.RTC_WaitForSynchro)
    SU03T_Init                               0x0800272d   Thumb Code   176  su-03t.o(i.SU03T_Init)
    SVC_Handler                              0x080027e5   Thumb Code     2  stm32f10x_it.o(i.SVC_Handler)
    Send_Equip_Data                          0x080027e9   Thumb Code    26  buletooth.o(i.Send_Equip_Data)
    SysTick_Handler                          0x08002919   Thumb Code     2  stm32f10x_it.o(i.SysTick_Handler)
    SystemInit                               0x0800291d   Thumb Code    78  system_stm32f10x.o(i.SystemInit)
    TIM_ClearFlag                            0x0800297d   Thumb Code     6  stm32f10x_tim.o(i.TIM_ClearFlag)
    TIM_Cmd                                  0x08002983   Thumb Code    24  stm32f10x_tim.o(i.TIM_Cmd)
    TIM_ITConfig                             0x0800299b   Thumb Code    18  stm32f10x_tim.o(i.TIM_ITConfig)
    TIM_InternalClockConfig                  0x080029ad   Thumb Code    12  stm32f10x_tim.o(i.TIM_InternalClockConfig)
    TIM_OC1Init                              0x080029b9   Thumb Code   132  stm32f10x_tim.o(i.TIM_OC1Init)
    TIM_OC2Init                              0x08002a51   Thumb Code   154  stm32f10x_tim.o(i.TIM_OC2Init)
    TIM_OCStructInit                         0x08002af5   Thumb Code    20  stm32f10x_tim.o(i.TIM_OCStructInit)
    TIM_SetCompare1                          0x08002b09   Thumb Code     4  stm32f10x_tim.o(i.TIM_SetCompare1)
    TIM_SetCompare2                          0x08002b0d   Thumb Code     4  stm32f10x_tim.o(i.TIM_SetCompare2)
    TIM_TimeBaseInit                         0x08002b11   Thumb Code   122  stm32f10x_tim.o(i.TIM_TimeBaseInit)
    Transmit_Data                            0x08002bb5   Thumb Code    86  esp.o(i.Transmit_Data)
    Transmit_Data2                           0x08002c29   Thumb Code    94  esp.o(i.Transmit_Data2)
    USART1_IRQHandler                        0x08002ca9   Thumb Code   366  myusart.o(i.USART1_IRQHandler)
    USART2_IRQHandler                        0x08002e59   Thumb Code    76  buletooth.o(i.USART2_IRQHandler)
    USART2_printf                            0x08002eb1   Thumb Code    82  buletooth.o(i.USART2_printf)
    USART3_printf                            0x08002f0d   Thumb Code    82  su-03t.o(i.USART3_printf)
    USART_Cmd                                0x08002f69   Thumb Code    24  stm32f10x_usart.o(i.USART_Cmd)
    USART_GetFlagStatus                      0x08002f81   Thumb Code    26  stm32f10x_usart.o(i.USART_GetFlagStatus)
    USART_GetITStatus                        0x08002f9b   Thumb Code    84  stm32f10x_usart.o(i.USART_GetITStatus)
    USART_ITConfig                           0x08002fef   Thumb Code    74  stm32f10x_usart.o(i.USART_ITConfig)
    USART_Init                               0x08003039   Thumb Code   210  stm32f10x_usart.o(i.USART_Init)
    USART_ReceiveData                        0x08003111   Thumb Code    10  stm32f10x_usart.o(i.USART_ReceiveData)
    USART_SendData                           0x0800311b   Thumb Code     8  stm32f10x_usart.o(i.USART_SendData)
    UsageFault_Handler                       0x08003123   Thumb Code     4  stm32f10x_it.o(i.UsageFault_Handler)
    __0printf                                0x08003129   Thumb Code    22  printfa.o(i.__0printf)
    __1printf                                0x08003129   Thumb Code     0  printfa.o(i.__0printf)
    __2printf                                0x08003129   Thumb Code     0  printfa.o(i.__0printf)
    __c89printf                              0x08003129   Thumb Code     0  printfa.o(i.__0printf)
    printf                                   0x08003129   Thumb Code     0  printfa.o(i.__0printf)
    __0vsnprintf                             0x08003149   Thumb Code    40  printfa.o(i.__0vsnprintf)
    __1vsnprintf                             0x08003149   Thumb Code     0  printfa.o(i.__0vsnprintf)
    __2vsnprintf                             0x08003149   Thumb Code     0  printfa.o(i.__0vsnprintf)
    __c89vsnprintf                           0x08003149   Thumb Code     0  printfa.o(i.__0vsnprintf)
    vsnprintf                                0x08003149   Thumb Code     0  printfa.o(i.__0vsnprintf)
    free                                     0x08003175   Thumb Code    88  mallocr.o(i.__free$realloc)
    malloc                                   0x080031d1   Thumb Code    64  mallocr.o(i.__malloc$realloc)
    __scatterload_copy                       0x08003221   Thumb Code    14  handlers.o(i.__scatterload_copy)
    __scatterload_null                       0x0800322f   Thumb Code     2  handlers.o(i.__scatterload_null)
    __scatterload_zeroinit                   0x08003231   Thumb Code    14  handlers.o(i.__scatterload_zeroinit)
    _is_digit                                0x080033c5   Thumb Code    14  scanf_fp.o(i._is_digit)
    cJSON_Delete                             0x08003b61   Thumb Code    84  cjson.o(i.cJSON_Delete)
    cJSON_GetObjectItem                      0x08003bb9   Thumb Code    18  cjson.o(i.cJSON_GetObjectItem)
    cJSON_ParseWithLength                    0x08003be5   Thumb Code    20  cjson.o(i.cJSON_ParseWithLength)
    cJSON_ParseWithLengthOpts                0x08003bf9   Thumb Code   204  cjson.o(i.cJSON_ParseWithLengthOpts)
    delay                                    0x08003d15   Thumb Code    12  ds18b20.o(i.delay)
    ds18b20_init_x                           0x08003d21   Thumb Code    40  ds18b20.o(i.ds18b20_init_x)
    ds18b20_read                             0x08003d4d   Thumb Code   172  ds18b20.o(i.ds18b20_read)
    fputc                                    0x08003e01   Thumb Code    32  esp.o(i.fputc)
    human_Init                               0x08003e7d   Thumb Code    46  human.o(i.human_Init)
    human_enter                              0x08003eb1   Thumb Code    64  human.o(i.human_enter)
    main                                     0x08003f59   Thumb Code  1320  main.o(i.main)
    mode_input1                              0x08004495   Thumb Code    32  ds18b20.o(i.mode_input1)
    mode_output1                             0x080044b9   Thumb Code    32  ds18b20.o(i.mode_output1)
    ow_bit_io                                0x080044dd   Thumb Code    66  ds18b20.o(i.ow_bit_io)
    ow_byte_rd                               0x08004525   Thumb Code    10  ds18b20.o(i.ow_byte_rd)
    ow_byte_wr                               0x0800452f   Thumb Code    38  ds18b20.o(i.ow_byte_wr)
    ow_reset                                 0x08004555   Thumb Code    74  ds18b20.o(i.ow_reset)
    realloc                                  0x08004c39   Thumb Code   102  mallocr.o(i.realloc)
    strtod                                   0x08004ce1   Thumb Code    28  strtod.o(i.strtod)
    table_week                               0x08004e28   Data          12  myrtc.o(.constdata)
    mon_table                                0x08004e34   Data          12  myrtc.o(.constdata)
    OLED_F8x16                               0x08004e40   Data        1520  oled.o(.constdata)
    Hzk                                      0x08005430   Data         896  oled.o(.constdata)
    __ctype_categories                       0x080057b0   Data          64  ctype_c.o(.constdata)
    Region$$Table$$Base                      0x080058e8   Number         0  anon$$obj.o(Region$$Table)
    Region$$Table$$Limit                     0x08005908   Number         0  anon$$obj.o(Region$$Table)
    tem1                                     0x20000014   Data           4  judge_temp.o(.data)
    tem2                                     0x20000018   Data           4  judge_temp.o(.data)
    tem                                      0x2000001c   Data           4  judge_li.o(.data)
    GPIO_InitStructure                       0x20000038   Data           4  dht11.o(.data)
    WIFI                                     0x2000003c   Data           4  esp.o(.data)
    PASS                                     0x20000040   Data           4  esp.o(.data)
    IP                                       0x20000044   Data           4  esp.o(.data)
    COMNum                                   0x20000048   Data           4  esp.o(.data)
    Switch                                   0x2000004c   Data           1  esp.o(.data)
    Motor1                                   0x2000004d   Data           1  esp.o(.data)
    Motor2                                   0x2000004e   Data           1  esp.o(.data)
    LdStation                                0x2000004f   Data           1  esp.o(.data)
    Status                                   0x20000050   Data           1  esp.o(.data)
    DeviceId                                 0x20000051   Data           1  esp.o(.data)
    Flag1                                    0x20000052   Data           1  myusart.o(.data)
    i                                        0x20000053   Data           1  myusart.o(.data)
    n                                        0x20000054   Data           1  buletooth.o(.data)
    AD1                                      0x20000058   Data           2  main.o(.data)
    li                                       0x2000005a   Data           2  main.o(.data)
    AD2                                      0x2000005c   Data           2  main.o(.data)
    DB                                       0x2000005e   Data           2  main.o(.data)
    temp                                     0x20000060   Data           1  main.o(.data)
    humi                                     0x20000061   Data           1  main.o(.data)
    keynum                                   0x20000062   Data           1  main.o(.data)
    ccr                                      0x20000063   Data           1  main.o(.data)
    keynum1                                  0x20000064   Data           1  main.o(.data)
    spring                                   0x20000065   Data           1  main.o(.data)
    summer                                   0x20000066   Data           1  main.o(.data)
    autumn                                   0x20000067   Data           1  main.o(.data)
    winter                                   0x20000068   Data           1  main.o(.data)
    season                                   0x20000069   Data           1  main.o(.data)
    count                                    0x2000006a   Data           1  main.o(.data)
    j                                        0x2000006b   Data           1  main.o(.data)
    a                                        0x2000006c   Data           1  main.o(.data)
    Flag2                                    0x2000006d   Data           1  main.o(.data)
    Flag3                                    0x2000006e   Data           1  main.o(.data)
    Flag4                                    0x2000006f   Data           1  main.o(.data)
    Flag5                                    0x20000070   Data           1  main.o(.data)
    Temp                                     0x20000074   Data           4  main.o(.data)
    AP                                       0x20000078   Data           4  main.o(.data)
    m                                        0x2000007c   Data           4  main.o(.data)
    cnt                                      0x20000080   Data           4  main.o(.data)
    __stdout                                 0x20000084   Data           4  stdout.o(.data)
    __microlib_freelist                      0x20000088   Data           4  mvars.o(.data)
    __microlib_freelist_initialised          0x2000008c   Data           4  mvars.o(.data)
    calendar                                 0x20000090   Data          10  myrtc.o(.bss)
    buffer1                                  0x2000009a   Data        1025  su-03t.o(.bss)
    Buf                                      0x2000049b   Data        1024  myusart.o(.bss)
    buffer                                   0x2000089b   Data        1025  buletooth.o(.bss)
    Trans_data                               0x20000c9c   Data       12288  main.o(.bss)
    __heap_base                              0x20003ca0   Data           0  startup_stm32f10x_md.o(HEAP)
    __heap_limit                             0x20003ea0   Data           0  startup_stm32f10x_md.o(HEAP)
    __initial_sp                             0x200042a0   Data           0  startup_stm32f10x_md.o(STACK)



==============================================================================

Memory Map of the image

  Image Entry point : 0x080000ed

  Load Region LR_IROM1 (Base: 0x08000000, Size: 0x00005998, Max: 0x00080000, ABSOLUTE)

    Execution Region ER_IROM1 (Exec base: 0x08000000, Load base: 0x08000000, Size: 0x00005908, Max: 0x00080000, ABSOLUTE)

    Exec Addr    Load Addr    Size         Type   Attr      Idx    E Section Name        Object

    0x08000000   0x08000000   0x000000ec   Data   RO           19    RESET               startup_stm32f10x_md.o
    0x080000ec   0x080000ec   0x00000000   Code   RO         4964  * .ARM.Collect$$$$00000000  mc_w.l(entry.o)
    0x080000ec   0x080000ec   0x00000004   Code   RO         5310    .ARM.Collect$$$$00000001  mc_w.l(entry2.o)
    0x080000f0   0x080000f0   0x00000004   Code   RO         5313    .ARM.Collect$$$$00000004  mc_w.l(entry5.o)
    0x080000f4   0x080000f4   0x00000000   Code   RO         5315    .ARM.Collect$$$$00000008  mc_w.l(entry7b.o)
    0x080000f4   0x080000f4   0x00000000   Code   RO         5317    .ARM.Collect$$$$0000000A  mc_w.l(entry8b.o)
    0x080000f4   0x080000f4   0x00000008   Code   RO         5318    .ARM.Collect$$$$0000000B  mc_w.l(entry9a.o)
    0x080000fc   0x080000fc   0x00000000   Code   RO         5320    .ARM.Collect$$$$0000000D  mc_w.l(entry10a.o)
    0x080000fc   0x080000fc   0x00000000   Code   RO         5322    .ARM.Collect$$$$0000000F  mc_w.l(entry11a.o)
    0x080000fc   0x080000fc   0x00000004   Code   RO         5311    .ARM.Collect$$$$00002712  mc_w.l(entry2.o)
    0x08000100   0x08000100   0x00000024   Code   RO           20    .text               startup_stm32f10x_md.o
    0x08000124   0x08000124   0x0000000c   Code   RO         4967    .text               mc_w.l(tolower.o)
    0x08000130   0x08000130   0x00000024   Code   RO         4969    .text               mc_w.l(memcpya.o)
    0x08000154   0x08000154   0x00000024   Code   RO         4971    .text               mc_w.l(memseta.o)
    0x08000178   0x08000178   0x0000000e   Code   RO         4973    .text               mc_w.l(strlen.o)
    0x08000186   0x08000186   0x0000001c   Code   RO         4975    .text               mc_w.l(strcmp.o)
    0x080001a2   0x080001a2   0x0000001e   Code   RO         4979    .text               mc_w.l(strncmp.o)
    0x080001c0   0x080001c0   0x00000360   Code   RO         5274    .text               mc_w.l(scanf_fp.o)
    0x08000520   0x08000520   0x00000064   Code   RO         5278    .text               mf_w.l(fmul.o)
    0x08000584   0x08000584   0x0000014e   Code   RO         5280    .text               mf_w.l(dadd.o)
    0x080006d2   0x080006d2   0x000000e4   Code   RO         5282    .text               mf_w.l(dmul.o)
    0x080007b6   0x080007b6   0x000000de   Code   RO         5284    .text               mf_w.l(ddiv.o)
    0x08000894   0x08000894   0x00000012   Code   RO         5286    .text               mf_w.l(fflti.o)
    0x080008a6   0x080008a6   0x0000001a   Code   RO         5290    .text               mf_w.l(dfltui.o)
    0x080008c0   0x080008c0   0x00000032   Code   RO         5292    .text               mf_w.l(ffixi.o)
    0x080008f2   0x080008f2   0x00000028   Code   RO         5294    .text               mf_w.l(ffixui.o)
    0x0800091a   0x0800091a   0x0000003e   Code   RO         5296    .text               mf_w.l(dfixi.o)
    0x08000958   0x08000958   0x00000032   Code   RO         5298    .text               mf_w.l(dfixui.o)
    0x0800098a   0x0800098a   0x00000026   Code   RO         5300    .text               mf_w.l(f2d.o)
    0x080009b0   0x080009b0   0x00000030   Code   RO         5302    .text               mf_w.l(cdcmple.o)
    0x080009e0   0x080009e0   0x00000030   Code   RO         5304    .text               mf_w.l(cdrcmple.o)
    0x08000a10   0x08000a10   0x00000038   Code   RO         5306    .text               mf_w.l(d2f.o)
    0x08000a48   0x08000a48   0x00000014   Code   RO         5308    .text               mf_w.l(cfrcmple.o)
    0x08000a5c   0x08000a5c   0x0000002c   Code   RO         5325    .text               mc_w.l(uidiv.o)
    0x08000a88   0x08000a88   0x00000062   Code   RO         5327    .text               mc_w.l(uldiv.o)
    0x08000aea   0x08000aea   0x0000001e   Code   RO         5329    .text               mc_w.l(llshl.o)
    0x08000b08   0x08000b08   0x00000020   Code   RO         5331    .text               mc_w.l(llushr.o)
    0x08000b28   0x08000b28   0x00000024   Code   RO         5333    .text               mc_w.l(llsshr.o)
    0x08000b4c   0x08000b4c   0x00000040   Code   RO         5339    .text               mc_w.l(_sgetc.o)
    0x08000b8c   0x08000b8c   0x0000009c   Code   RO         5341    .text               mc_w.l(strtod.o)
    0x08000c28   0x08000c28   0x00000000   Code   RO         5343    .text               mc_w.l(iusefp.o)
    0x08000c28   0x08000c28   0x0000006e   Code   RO         5344    .text               mf_w.l(fepilogue.o)
    0x08000c96   0x08000c96   0x000000ba   Code   RO         5346    .text               mf_w.l(depilogue.o)
    0x08000d50   0x08000d50   0x00000018   Code   RO         5348    .text               mf_w.l(dfltul.o)
    0x08000d68   0x08000d68   0x00000030   Code   RO         5350    .text               mf_w.l(dfixul.o)
    0x08000d98   0x08000d98   0x00000024   Code   RO         5352    .text               mc_w.l(init.o)
    0x08000dbc   0x08000dbc   0x0000000a   Code   RO         5354    .text               mc_w.l(isspace_c.o)
    0x08000dc6   0x08000dc6   0x00000002   PAD
    0x08000dc8   0x08000dc8   0x00000028   Code   RO         5358    .text               mc_w.l(ctype_c.o)
    0x08000df0   0x08000df0   0x00000016   Code   RO          202    i.ADC_Cmd           stm32f10x_adc.o
    0x08000e06   0x08000e06   0x00000014   Code   RO          210    i.ADC_GetCalibrationStatus  stm32f10x_adc.o
    0x08000e1a   0x08000e1a   0x00000008   Code   RO          211    i.ADC_GetConversionValue  stm32f10x_adc.o
    0x08000e22   0x08000e22   0x00000012   Code   RO          213    i.ADC_GetFlagStatus  stm32f10x_adc.o
    0x08000e34   0x08000e34   0x00000014   Code   RO          216    i.ADC_GetResetCalibrationStatus  stm32f10x_adc.o
    0x08000e48   0x08000e48   0x00000050   Code   RO          220    i.ADC_Init          stm32f10x_adc.o
    0x08000e98   0x08000e98   0x000000b8   Code   RO          224    i.ADC_RegularChannelConfig  stm32f10x_adc.o
    0x08000f50   0x08000f50   0x0000000a   Code   RO          225    i.ADC_ResetCalibration  stm32f10x_adc.o
    0x08000f5a   0x08000f5a   0x00000016   Code   RO          227    i.ADC_SoftwareStartConvCmd  stm32f10x_adc.o
    0x08000f70   0x08000f70   0x0000000a   Code   RO          229    i.ADC_StartCalibration  stm32f10x_adc.o
    0x08000f7a   0x08000f7a   0x00000002   PAD
    0x08000f7c   0x08000f7c   0x00000034   Code   RO         4413    i.AD_GetValue       adc.o
    0x08000fb0   0x08000fb0   0x000000b8   Code   RO         4414    i.AD_Init           adc.o
    0x08001068   0x08001068   0x00000010   Code   RO          426    i.BKP_DeInit        stm32f10x_bkp.o
    0x08001078   0x08001078   0x0000001c   Code   RO          431    i.BKP_ReadBackupRegister  stm32f10x_bkp.o
    0x08001094   0x08001094   0x0000001c   Code   RO          435    i.BKP_WriteBackupRegister  stm32f10x_bkp.o
    0x080010b0   0x080010b0   0x00000040   Code   RO         4731    i.BlueTooth_Link_Station  buletooth.o
    0x080010f0   0x080010f0   0x000000d0   Code   RO         4732    i.BuleTooth_Init    buletooth.o
    0x080011c0   0x080011c0   0x00000004   Code   RO         4897    i.BusFault_Handler  stm32f10x_it.o
    0x080011c4   0x080011c4   0x00000034   Code   RO         4230    i.Buzzer_Init       buzzer.o
    0x080011f8   0x080011f8   0x00000014   Code   RO         4231    i.Buzzer_Lock_ON    buzzer.o
    0x0800120c   0x0800120c   0x00000010   Code   RO         4232    i.Buzzer_off        buzzer.o
    0x0800121c   0x0800121c   0x00000010   Code   RO         4233    i.Buzzer_on         buzzer.o
    0x0800122c   0x0800122c   0x00000118   Code   RO         4593    i.Comman_Rec        esp.o
    0x08001344   0x08001344   0x00000058   Code   RO         4431    i.DHT11_Check       dht11.o
    0x0800139c   0x0800139c   0x00000030   Code   RO         4432    i.DHT11_Init        dht11.o
    0x080013cc   0x080013cc   0x00000058   Code   RO         4433    i.DHT11_Read_Bit    dht11.o
    0x08001424   0x08001424   0x0000001e   Code   RO         4434    i.DHT11_Read_Byte   dht11.o
    0x08001442   0x08001442   0x0000005a   Code   RO         4435    i.DHT11_Read_Data   dht11.o
    0x0800149c   0x0800149c   0x00000028   Code   RO         4436    i.DHT11_Rst         dht11.o
    0x080014c4   0x080014c4   0x00000002   Code   RO         4898    i.DebugMon_Handler  stm32f10x_it.o
    0x080014c6   0x080014c6   0x00000018   Code   RO         3196    i.Delay_ms          delay.o
    0x080014de   0x080014de   0x0000002e   Code   RO         3198    i.Delay_us          delay.o
    0x0800150c   0x0800150c   0x00000060   Code   RO         4597    i.ESP_TCPServicer_Init  esp.o
    0x0800156c   0x0800156c   0x0000008c   Code   RO         4598    i.ESP_WIFI_Init     esp.o
    0x080015f8   0x080015f8   0x00000038   Code   RO         4599    i.ESP_WIFI_Status   esp.o
    0x08001630   0x08001630   0x00000034   Code   RO         4818    i.EXTI15_10_IRQHandler  control_light.o
    0x08001664   0x08001664   0x0000000c   Code   RO          985    i.EXTI_ClearITPendingBit  stm32f10x_exti.o
    0x08001670   0x08001670   0x00000028   Code   RO          989    i.EXTI_GetITStatus  stm32f10x_exti.o
    0x08001698   0x08001698   0x00000094   Code   RO          990    i.EXTI_Init         stm32f10x_exti.o
    0x0800172c   0x0800172c   0x0000001c   Code   RO         4733    i.Explan            buletooth.o
    0x08001748   0x08001748   0x00000040   Code   RO         1344    i.GPIO_EXTILineConfig  stm32f10x_gpio.o
    0x08001788   0x08001788   0x00000116   Code   RO         1347    i.GPIO_Init         stm32f10x_gpio.o
    0x0800189e   0x0800189e   0x00000012   Code   RO         1351    i.GPIO_ReadInputDataBit  stm32f10x_gpio.o
    0x080018b0   0x080018b0   0x00000004   Code   RO         1354    i.GPIO_ResetBits    stm32f10x_gpio.o
    0x080018b4   0x080018b4   0x00000018   Code   RO         4437    i.GPIO_SETIN        dht11.o
    0x080018cc   0x080018cc   0x00000018   Code   RO         4438    i.GPIO_SETOUT       dht11.o
    0x080018e4   0x080018e4   0x00000004   Code   RO         1355    i.GPIO_SetBits      stm32f10x_gpio.o
    0x080018e8   0x080018e8   0x0000000a   Code   RO         1358    i.GPIO_WriteBit     stm32f10x_gpio.o
    0x080018f2   0x080018f2   0x00000004   Code   RO         4899    i.HardFault_Handler  stm32f10x_it.o
    0x080018f6   0x080018f6   0x0000003a   Code   RO         3264    i.Is_Leap_Year      myrtc.o
    0x08001930   0x08001930   0x00000084   Code   RO         3220    i.Judge1            judge_temp.o
    0x080019b4   0x080019b4   0x00000064   Code   RO         3248    i.Judge2            judge_li.o
    0x08001a18   0x08001a18   0x00000014   Code   RO         4281    i.LED1_OFF          led.o
    0x08001a2c   0x08001a2c   0x00000014   Code   RO         4282    i.LED1_ON           led.o
    0x08001a40   0x08001a40   0x00000014   Code   RO         4283    i.LED2_OFF          led.o
    0x08001a54   0x08001a54   0x00000014   Code   RO         4284    i.LED2_ON           led.o
    0x08001a68   0x08001a68   0x00000064   Code   RO         4285    i.LED_Init          led.o
    0x08001acc   0x08001acc   0x0000007c   Code   RO         4819    i.Light_Init        control_light.o
    0x08001b48   0x08001b48   0x00000004   Code   RO         4900    i.MemManage_Handler  stm32f10x_it.o
    0x08001b4c   0x08001b4c   0x00000030   Code   RO         4572    i.Motor_Init        motor.o
    0x08001b7c   0x08001b7c   0x00000020   Code   RO         4573    i.Motor_SetSpeed    motor.o
    0x08001b9c   0x08001b9c   0x000000b8   Code   RO         4697    i.MyUSART_Init      myusart.o
    0x08001c54   0x08001c54   0x00000002   Code   RO         4901    i.NMI_Handler       stm32f10x_it.o
    0x08001c56   0x08001c56   0x00000002   PAD
    0x08001c58   0x08001c58   0x00000070   Code   RO          137    i.NVIC_Init         misc.o
    0x08001cc8   0x08001cc8   0x00000014   Code   RO          138    i.NVIC_PriorityGroupConfig  misc.o
    0x08001cdc   0x08001cdc   0x0000002a   Code   RO         4317    i.OLED_Clear        oled.o
    0x08001d06   0x08001d06   0x000000ae   Code   RO         4318    i.OLED_Init         oled.o
    0x08001db4   0x08001db4   0x00000014   Code   RO         4319    i.OLED_Pow          oled.o
    0x08001dc8   0x08001dc8   0x0000009c   Code   RO         4320    i.OLED_SPI_Init     oled.o
    0x08001e64   0x08001e64   0x0000003c   Code   RO         4321    i.OLED_SPI_SendByte  oled.o
    0x08001ea0   0x08001ea0   0x00000022   Code   RO         4322    i.OLED_SetCursor    oled.o
    0x08001ec2   0x08001ec2   0x00000002   PAD
    0x08001ec4   0x08001ec4   0x00000074   Code   RO         4324    i.OLED_ShowChar     oled.o
    0x08001f38   0x08001f38   0x00000044   Code   RO         4326    i.OLED_ShowNum      oled.o
    0x08001f7c   0x08001f7c   0x00000028   Code   RO         4328    i.OLED_ShowString   oled.o
    0x08001fa4   0x08001fa4   0x00000034   Code   RO         4329    i.OLED_WriteCommand  oled.o
    0x08001fd8   0x08001fd8   0x00000030   Code   RO         4330    i.OLED_WriteData    oled.o
    0x08002008   0x08002008   0x00000014   Code   RO         4485    i.PWM_CompareSet1   pwm.o
    0x0800201c   0x0800201c   0x000000ac   Code   RO         4486    i.PWM_Init          pwm.o
    0x080020c8   0x080020c8   0x00000014   Code   RO         4487    i.PWM_SetCompare3   pwm.o
    0x080020dc   0x080020dc   0x0000000c   Code   RO         1710    i.PWR_BackupAccessCmd  stm32f10x_pwr.o
    0x080020e8   0x080020e8   0x00000002   Code   RO         4902    i.PendSV_Handler    stm32f10x_it.o
    0x080020ea   0x080020ea   0x00000002   PAD
    0x080020ec   0x080020ec   0x00000018   Code   RO         1773    i.RCC_ADCCLKConfig  stm32f10x_rcc.o
    0x08002104   0x08002104   0x00000020   Code   RO         1775    i.RCC_APB1PeriphClockCmd  stm32f10x_rcc.o
    0x08002124   0x08002124   0x00000020   Code   RO         1777    i.RCC_APB2PeriphClockCmd  stm32f10x_rcc.o
    0x08002144   0x08002144   0x0000000c   Code   RO         1780    i.RCC_BackupResetCmd  stm32f10x_rcc.o
    0x08002150   0x08002150   0x000000d4   Code   RO         1785    i.RCC_GetClocksFreq  stm32f10x_rcc.o
    0x08002224   0x08002224   0x0000003c   Code   RO         1786    i.RCC_GetFlagStatus  stm32f10x_rcc.o
    0x08002260   0x08002260   0x00000034   Code   RO         1793    i.RCC_LSEConfig     stm32f10x_rcc.o
    0x08002294   0x08002294   0x0000000c   Code   RO         1794    i.RCC_LSICmd        stm32f10x_rcc.o
    0x080022a0   0x080022a0   0x0000000c   Code   RO         1800    i.RCC_RTCCLKCmd     stm32f10x_rcc.o
    0x080022ac   0x080022ac   0x00000010   Code   RO         1801    i.RCC_RTCCLKConfig  stm32f10x_rcc.o
    0x080022bc   0x080022bc   0x00000010   Code   RO         1977    i.RTC_ClearITPendingBit  stm32f10x_rtc.o
    0x080022cc   0x080022cc   0x00000014   Code   RO         1978    i.RTC_EnterConfigMode  stm32f10x_rtc.o
    0x080022e0   0x080022e0   0x00000014   Code   RO         1979    i.RTC_ExitConfigMode  stm32f10x_rtc.o
    0x080022f4   0x080022f4   0x00000100   Code   RO         3266    i.RTC_Get           myrtc.o
    0x080023f4   0x080023f4   0x00000014   Code   RO         1980    i.RTC_GetCounter    stm32f10x_rtc.o
    0x08002408   0x08002408   0x00000024   Code   RO         1983    i.RTC_GetITStatus   stm32f10x_rtc.o
    0x0800242c   0x0800242c   0x00000078   Code   RO         3267    i.RTC_Get_Week      myrtc.o
    0x080024a4   0x080024a4   0x0000002c   Code   RO         3268    i.RTC_IRQHandler    myrtc.o
    0x080024d0   0x080024d0   0x00000020   Code   RO         1984    i.RTC_ITConfig      stm32f10x_rtc.o
    0x080024f0   0x080024f0   0x000000d8   Code   RO         3269    i.RTC_Init          myrtc.o
    0x080025c8   0x080025c8   0x00000028   Code   RO         3270    i.RTC_NVIC_Config   myrtc.o
    0x080025f0   0x080025f0   0x000000c8   Code   RO         3271    i.RTC_Set           myrtc.o
    0x080026b8   0x080026b8   0x0000001c   Code   RO         1986    i.RTC_SetCounter    stm32f10x_rtc.o
    0x080026d4   0x080026d4   0x00000020   Code   RO         1987    i.RTC_SetPrescaler  stm32f10x_rtc.o
    0x080026f4   0x080026f4   0x00000014   Code   RO         1988    i.RTC_WaitForLastTask  stm32f10x_rtc.o
    0x08002708   0x08002708   0x00000024   Code   RO         1989    i.RTC_WaitForSynchro  stm32f10x_rtc.o
    0x0800272c   0x0800272c   0x000000b8   Code   RO         4189    i.SU03T_Init        su-03t.o
    0x080027e4   0x080027e4   0x00000002   Code   RO         4903    i.SVC_Handler       stm32f10x_it.o
    0x080027e6   0x080027e6   0x00000002   PAD
    0x080027e8   0x080027e8   0x00000048   Code   RO         4734    i.Send_Equip_Data   buletooth.o
    0x08002830   0x08002830   0x00000008   Code   RO           24    i.SetSysClock       system_stm32f10x.o
    0x08002838   0x08002838   0x000000e0   Code   RO           25    i.SetSysClockTo72   system_stm32f10x.o
    0x08002918   0x08002918   0x00000002   Code   RO         4904    i.SysTick_Handler   stm32f10x_it.o
    0x0800291a   0x0800291a   0x00000002   PAD
    0x0800291c   0x0800291c   0x00000060   Code   RO           27    i.SystemInit        system_stm32f10x.o
    0x0800297c   0x0800297c   0x00000006   Code   RO         2415    i.TIM_ClearFlag     stm32f10x_tim.o
    0x08002982   0x08002982   0x00000018   Code   RO         2421    i.TIM_Cmd           stm32f10x_tim.o
    0x0800299a   0x0800299a   0x00000012   Code   RO         2446    i.TIM_ITConfig      stm32f10x_tim.o
    0x080029ac   0x080029ac   0x0000000c   Code   RO         2448    i.TIM_InternalClockConfig  stm32f10x_tim.o
    0x080029b8   0x080029b8   0x00000098   Code   RO         2450    i.TIM_OC1Init       stm32f10x_tim.o
    0x08002a50   0x08002a50   0x000000a4   Code   RO         2455    i.TIM_OC2Init       stm32f10x_tim.o
    0x08002af4   0x08002af4   0x00000014   Code   RO         2468    i.TIM_OCStructInit  stm32f10x_tim.o
    0x08002b08   0x08002b08   0x00000004   Code   RO         2482    i.TIM_SetCompare1   stm32f10x_tim.o
    0x08002b0c   0x08002b0c   0x00000004   Code   RO         2483    i.TIM_SetCompare2   stm32f10x_tim.o
    0x08002b10   0x08002b10   0x000000a4   Code   RO         2492    i.TIM_TimeBaseInit  stm32f10x_tim.o
    0x08002bb4   0x08002bb4   0x00000074   Code   RO         4600    i.Transmit_Data     esp.o
    0x08002c28   0x08002c28   0x00000080   Code   RO         4601    i.Transmit_Data2    esp.o
    0x08002ca8   0x08002ca8   0x000001b0   Code   RO         4699    i.USART1_IRQHandler  myusart.o
    0x08002e58   0x08002e58   0x00000058   Code   RO         4735    i.USART2_IRQHandler  buletooth.o
    0x08002eb0   0x08002eb0   0x0000005c   Code   RO         4737    i.USART2_printf     buletooth.o
    0x08002f0c   0x08002f0c   0x0000005c   Code   RO         4191    i.USART3_printf     su-03t.o
    0x08002f68   0x08002f68   0x00000018   Code   RO         2960    i.USART_Cmd         stm32f10x_usart.o
    0x08002f80   0x08002f80   0x0000001a   Code   RO         2963    i.USART_GetFlagStatus  stm32f10x_usart.o
    0x08002f9a   0x08002f9a   0x00000054   Code   RO         2964    i.USART_GetITStatus  stm32f10x_usart.o
    0x08002fee   0x08002fee   0x0000004a   Code   RO         2966    i.USART_ITConfig    stm32f10x_usart.o
    0x08003038   0x08003038   0x000000d8   Code   RO         2967    i.USART_Init        stm32f10x_usart.o
    0x08003110   0x08003110   0x0000000a   Code   RO         2974    i.USART_ReceiveData  stm32f10x_usart.o
    0x0800311a   0x0800311a   0x00000008   Code   RO         2977    i.USART_SendData    stm32f10x_usart.o
    0x08003122   0x08003122   0x00000004   Code   RO         4905    i.UsageFault_Handler  stm32f10x_it.o
    0x08003126   0x08003126   0x00000002   PAD
    0x08003128   0x08003128   0x00000020   Code   RO         5216    i.__0printf         mc_w.l(printfa.o)
    0x08003148   0x08003148   0x0000002c   Code   RO         5221    i.__0vsnprintf      mc_w.l(printfa.o)
    0x08003174   0x08003174   0x0000005c   Code   RO         5248    i.__free$realloc    mc_w.l(mallocr.o)
    0x080031d0   0x080031d0   0x00000050   Code   RO         5249    i.__malloc$realloc  mc_w.l(mallocr.o)
    0x08003220   0x08003220   0x0000000e   Code   RO         5363    i.__scatterload_copy  mc_w.l(handlers.o)
    0x0800322e   0x0800322e   0x00000002   Code   RO         5364    i.__scatterload_null  mc_w.l(handlers.o)
    0x08003230   0x08003230   0x0000000e   Code   RO         5365    i.__scatterload_zeroinit  mc_w.l(handlers.o)
    0x0800323e   0x0800323e   0x00000002   PAD
    0x08003240   0x08003240   0x00000184   Code   RO         5223    i._fp_digits        mc_w.l(printfa.o)
    0x080033c4   0x080033c4   0x0000000e   Code   RO         5276    i._is_digit         mc_w.l(scanf_fp.o)
    0x080033d2   0x080033d2   0x00000002   PAD
    0x080033d4   0x080033d4   0x000006dc   Code   RO         5224    i._printf_core      mc_w.l(printfa.o)
    0x08003ab0   0x08003ab0   0x00000024   Code   RO         5225    i._printf_post_padding  mc_w.l(printfa.o)
    0x08003ad4   0x08003ad4   0x0000002e   Code   RO         5226    i._printf_pre_padding  mc_w.l(printfa.o)
    0x08003b02   0x08003b02   0x00000016   Code   RO         5227    i._snputc           mc_w.l(printfa.o)
    0x08003b18   0x08003b18   0x00000048   Code   RO         3333    i.buffer_skip_whitespace  cjson.o
    0x08003b60   0x08003b60   0x00000058   Code   RO         3365    i.cJSON_Delete      cjson.o
    0x08003bb8   0x08003bb8   0x00000012   Code   RO         3378    i.cJSON_GetObjectItem  cjson.o
    0x08003bca   0x08003bca   0x0000001a   Code   RO         3395    i.cJSON_New_Item    cjson.o
    0x08003be4   0x08003be4   0x00000014   Code   RO         3397    i.cJSON_ParseWithLength  cjson.o
    0x08003bf8   0x08003bf8   0x000000d4   Code   RO         3398    i.cJSON_ParseWithLengthOpts  cjson.o
    0x08003ccc   0x08003ccc   0x00000048   Code   RO         3414    i.case_insensitive_strcmp  cjson.o
    0x08003d14   0x08003d14   0x0000000c   Code   RO         4509    i.delay             ds18b20.o
    0x08003d20   0x08003d20   0x0000002c   Code   RO         4510    i.ds18b20_init_x    ds18b20.o
    0x08003d4c   0x08003d4c   0x000000b4   Code   RO         4511    i.ds18b20_read      ds18b20.o
    0x08003e00   0x08003e00   0x00000024   Code   RO         4602    i.fputc             esp.o
    0x08003e24   0x08003e24   0x00000004   Code   RO         3420    i.get_decimal_point  cjson.o
    0x08003e28   0x08003e28   0x00000052   Code   RO         3421    i.get_object_item   cjson.o
    0x08003e7a   0x08003e7a   0x00000002   PAD
    0x08003e7c   0x08003e7c   0x00000034   Code   RO         4788    i.human_Init        human.o
    0x08003eb0   0x08003eb0   0x00000058   Code   RO         4789    i.human_enter       human.o
    0x08003f08   0x08003f08   0x00000050   Code   RO         5250    i.internal_alloc    mc_w.l(mallocr.o)
    0x08003f58   0x08003f58   0x0000053c   Code   RO         4837    i.main              main.o
    0x08004494   0x08004494   0x00000024   Code   RO         4512    i.mode_input1       ds18b20.o
    0x080044b8   0x080044b8   0x00000024   Code   RO         4513    i.mode_output1      ds18b20.o
    0x080044dc   0x080044dc   0x00000048   Code   RO         4514    i.ow_bit_io         ds18b20.o
    0x08004524   0x08004524   0x0000000a   Code   RO         4515    i.ow_byte_rd        ds18b20.o
    0x0800452e   0x0800452e   0x00000026   Code   RO         4516    i.ow_byte_wr        ds18b20.o
    0x08004554   0x08004554   0x00000050   Code   RO         4517    i.ow_reset          ds18b20.o
    0x080045a4   0x080045a4   0x000000f8   Code   RO         3423    i.parse_array       cjson.o
    0x0800469c   0x0800469c   0x0000005a   Code   RO         3424    i.parse_hex4        cjson.o
    0x080046f6   0x080046f6   0x00000002   PAD
    0x080046f8   0x080046f8   0x00000138   Code   RO         3425    i.parse_number      cjson.o
    0x08004830   0x08004830   0x0000013e   Code   RO         3426    i.parse_object      cjson.o
    0x0800496e   0x0800496e   0x0000018c   Code   RO         3427    i.parse_string      cjson.o
    0x08004afa   0x08004afa   0x00000002   PAD
    0x08004afc   0x08004afc   0x0000013c   Code   RO         3428    i.parse_value       cjson.o
    0x08004c38   0x08004c38   0x0000006c   Code   RO         5251    i.realloc           mc_w.l(mallocr.o)
    0x08004ca4   0x08004ca4   0x0000003c   Code   RO         3439    i.skip_utf8_bom     cjson.o
    0x08004ce0   0x08004ce0   0x0000001c   Code   RO         4961    i.strtod            m_ws.l(strtod.o)
    0x08004cfc   0x08004cfc   0x0000012c   Code   RO         3442    i.utf16_literal_to_utf8  cjson.o
    0x08004e28   0x08004e28   0x00000018   Data   RO         3273    .constdata          myrtc.o
    0x08004e40   0x08004e40   0x00000970   Data   RO         4331    .constdata          oled.o
    0x080057b0   0x080057b0   0x00000040   Data   RO         5359    .constdata          mc_w.l(ctype_c.o)
    0x080057f0   0x080057f0   0x000000f6   Data   RO         4603    .conststring        esp.o
    0x080058e6   0x080058e6   0x00000002   PAD
    0x080058e8   0x080058e8   0x00000020   Data   RO         5361    Region$$Table       anon$$obj.o


    Execution Region RW_IRAM1 (Exec base: 0x20000000, Load base: 0x08005908, Size: 0x000042a0, Max: 0x00010000, ABSOLUTE)

    Exec Addr    Load Addr    Size         Type   Attr      Idx    E Section Name        Object

    0x20000000   0x08005908   0x00000014   Data   RW         1805    .data               stm32f10x_rcc.o
    0x20000014   0x0800591c   0x00000008   Data   RW         3221    .data               judge_temp.o
    0x2000001c   0x08005924   0x00000004   Data   RW         3249    .data               judge_li.o
    0x20000020   0x08005928   0x00000002   Data   RW         3274    .data               myrtc.o
    0x20000022   0x0800592a   0x00000002   PAD
    0x20000024   0x0800592c   0x00000014   Data   RW         3444    .data               cjson.o
    0x20000038   0x08005940   0x00000004   Data   RW         4439    .data               dht11.o
    0x2000003c   0x08005944   0x00000016   Data   RW         4604    .data               esp.o
    0x20000052   0x0800595a   0x00000002   Data   RW         4701    .data               myusart.o
    0x20000054   0x0800595c   0x00000001   Data   RW         4739    .data               buletooth.o
    0x20000055   0x0800595d   0x00000003   PAD
    0x20000058   0x08005960   0x0000002c   Data   RW         4839    .data               main.o
    0x20000084   0x0800598c   0x00000004   Data   RW         5324    .data               mc_w.l(stdout.o)
    0x20000088   0x08005990   0x00000004   Data   RW         5335    .data               mc_w.l(mvars.o)
    0x2000008c   0x08005994   0x00000004   Data   RW         5336    .data               mc_w.l(mvars.o)
    0x20000090        -       0x0000000a   Zero   RW         3272    .bss                myrtc.o
    0x2000009a        -       0x00000401   Zero   RW         4192    .bss                su-03t.o
    0x2000049b        -       0x00000400   Zero   RW         4700    .bss                myusart.o
    0x2000089b        -       0x00000401   Zero   RW         4738    .bss                buletooth.o
    0x20000c9c        -       0x00003000   Zero   RW         4838    .bss                main.o
    0x20003c9c   0x08005998   0x00000004   PAD
    0x20003ca0        -       0x00000200   Zero   RW           18    HEAP                startup_stm32f10x_md.o
    0x20003ea0        -       0x00000400   Zero   RW           17    STACK               startup_stm32f10x_md.o


==============================================================================

Image component sizes


      Code (inc. data)   RO Data    RW Data    ZI Data      Debug   Object Name

       236         18          0          0          0       1084   adc.o
       552        100          0          1       1025       3806   buletooth.o
       104         14          0          0          0       1716   buzzer.o
      2634         66          0         20          0      16293   cjson.o
       176         12          0          0          0       1044   control_light.o
         0          0          0          0          0       4540   core_cm3.o
        70          0          0          0          0        890   delay.o
       432         40          0          4          0       4316   dht11.o
       508         32          0          0          0       4534   ds18b20.o
       852        290        246         22          0       9474   esp.o
       140         30          0          0          0        895   human.o
       100         12          0          4          0        747   judge_li.o
       132         20          0          8          0        921   judge_temp.o
       180         32          0          0          0       2073   led.o
      1340        196          0         44      12288       2746   main.o
       132         22          0          0          0     217195   misc.o
        80         10          0          0          0        934   motor.o
       934         36         24          2         10       5182   myrtc.o
       616         74          0          2       1024       1925   myusart.o
       810         24       2416          0          0       6532   oled.o
       212         20          0          0          0       1551   pwm.o
        36          8        236          0       1536        760   startup_stm32f10x_md.o
       394         10          0          0          0      18073   stm32f10x_adc.o
        72         10          0          0          0       2460   stm32f10x_bkp.o
       200         18          0          0          0       4008   stm32f10x_exti.o
       378          4          0          0          0      12782   stm32f10x_gpio.o
        26          0          0          0          0       3586   stm32f10x_it.o
        12          6          0          0          0        458   stm32f10x_pwr.o
       464         70          0         20          0      16270   stm32f10x_rcc.o
       260         48          0          0          0       4640   stm32f10x_rtc.o
       568         72          0          0          0      26113   stm32f10x_tim.o
       442          6          0          0          0      11725   stm32f10x_usart.o
       276         18          0          0       1025       2393   su-03t.o
       328         28          0          0          0      45077   system_stm32f10x.o

    ----------------------------------------------------------------------
     13716       1346       2956        132      16912     436743   Object Totals
         0          0         32          0          0          0   (incl. Generated)
        20          0          2          5          4          0   (incl. Padding)

    ----------------------------------------------------------------------

      Code (inc. data)   RO Data    RW Data    ZI Data      Debug   Library Member Name

        28          0          0          0          0         80   strtod.o
        64          0          0          0          0         84   _sgetc.o
        40          6         64          0          0         68   ctype_c.o
         0          0          0          0          0          0   entry.o
         0          0          0          0          0          0   entry10a.o
         0          0          0          0          0          0   entry11a.o
         8          4          0          0          0          0   entry2.o
         4          0          0          0          0          0   entry5.o
         0          0          0          0          0          0   entry7b.o
         0          0          0          0          0          0   entry8b.o
         8          4          0          0          0          0   entry9a.o
        30          0          0          0          0          0   handlers.o
        36          8          0          0          0         68   init.o
        10          0          0          0          0         68   isspace_c.o
         0          0          0          0          0          0   iusefp.o
        30          0          0          0          0         68   llshl.o
        36          0          0          0          0         68   llsshr.o
        32          0          0          0          0         68   llushr.o
       360         30          0          0          0        356   mallocr.o
        36          0          0          0          0         68   memcpya.o
        36          0          0          0          0        108   memseta.o
         0          0          0          8          0          0   mvars.o
      2324         94          0          0          0        600   printfa.o
       878         12          0          0          0        216   scanf_fp.o
         0          0          0          4          0          0   stdout.o
        28          0          0          0          0         76   strcmp.o
        14          0          0          0          0         68   strlen.o
        30          0          0          0          0         80   strncmp.o
       156         12          0          0          0        120   strtod.o
        12          0          0          0          0         68   tolower.o
        44          0          0          0          0         80   uidiv.o
        98          0          0          0          0         92   uldiv.o
        48          0          0          0          0         68   cdcmple.o
        48          0          0          0          0         68   cdrcmple.o
        20          0          0          0          0         68   cfrcmple.o
        56          0          0          0          0         88   d2f.o
       334          0          0          0          0        148   dadd.o
       222          0          0          0          0        100   ddiv.o
       186          0          0          0          0        176   depilogue.o
        62          0          0          0          0         80   dfixi.o
        50          0          0          0          0         76   dfixui.o
        48          0          0          0          0         68   dfixul.o
        26          0          0          0          0         76   dfltui.o
        24          0          0          0          0         76   dfltul.o
       228          0          0          0          0         96   dmul.o
        38          0          0          0          0         68   f2d.o
       110          0          0          0          0        168   fepilogue.o
        50          0          0          0          0         68   ffixi.o
        40          0          0          0          0         68   ffixui.o
        18          0          0          0          0         68   fflti.o
       100          0          0          0          0         76   fmul.o

    ----------------------------------------------------------------------
      6056        170         64         12          0       4208   Library Totals
         6          0          0          0          0          0   (incl. Padding)

    ----------------------------------------------------------------------

      Code (inc. data)   RO Data    RW Data    ZI Data      Debug   Library Name

        28          0          0          0          0         80   m_ws.l
      4314        170         64         12          0       2424   mc_w.l
      1708          0          0          0          0       1704   mf_w.l

    ----------------------------------------------------------------------
      6056        170         64         12          0       4208   Library Totals

    ----------------------------------------------------------------------

==============================================================================


      Code (inc. data)   RO Data    RW Data    ZI Data      Debug   

     19772       1516       3020        144      16912     430235   Grand Totals
     19772       1516       3020        144      16912     430235   ELF Image Totals
     19772       1516       3020        144          0          0   ROM Totals

==============================================================================

    Total RO  Size (Code + RO Data)                22792 (  22.26kB)
    Total RW  Size (RW Data + ZI Data)             17056 (  16.66kB)
    Total ROM Size (Code + RO Data + RW Data)      22936 (  22.40kB)

==============================================================================

